Archive member included to satisfy reference by file (symbol)

c:/program files (x86)/atmel/studio/7.0/toolchain/avr8/avr8-gnu-toolchain/bin/../lib/gcc/avr/5.4.0/../../../../avr/lib/avr6\libm.a(addsf3.o)
                              src/PID.o (__addsf3)
c:/program files (x86)/atmel/studio/7.0/toolchain/avr8/avr8-gnu-toolchain/bin/../lib/gcc/avr/5.4.0/../../../../avr/lib/avr6\libm.a(addsf3x.o)
                              c:/program files (x86)/atmel/studio/7.0/toolchain/avr8/avr8-gnu-toolchain/bin/../lib/gcc/avr/5.4.0/../../../../avr/lib/avr6\libm.a(addsf3.o) (__addsf3x)
c:/program files (x86)/atmel/studio/7.0/toolchain/avr8/avr8-gnu-toolchain/bin/../lib/gcc/avr/5.4.0/../../../../avr/lib/avr6\libm.a(fixsfsi.o)
                              src/PID.o (__fixsfsi)
c:/program files (x86)/atmel/studio/7.0/toolchain/avr8/avr8-gnu-toolchain/bin/../lib/gcc/avr/5.4.0/../../../../avr/lib/avr6\libm.a(fixunssfsi.o)
                              c:/program files (x86)/atmel/studio/7.0/toolchain/avr8/avr8-gnu-toolchain/bin/../lib/gcc/avr/5.4.0/../../../../avr/lib/avr6\libm.a(fixsfsi.o) (__fixunssfsi)
c:/program files (x86)/atmel/studio/7.0/toolchain/avr8/avr8-gnu-toolchain/bin/../lib/gcc/avr/5.4.0/../../../../avr/lib/avr6\libm.a(floatsisf.o)
                              src/PID.o (__floatsisf)
c:/program files (x86)/atmel/studio/7.0/toolchain/avr8/avr8-gnu-toolchain/bin/../lib/gcc/avr/5.4.0/../../../../avr/lib/avr6\libm.a(fp_inf.o)
                              c:/program files (x86)/atmel/studio/7.0/toolchain/avr8/avr8-gnu-toolchain/bin/../lib/gcc/avr/5.4.0/../../../../avr/lib/avr6\libm.a(addsf3x.o) (__fp_inf)
c:/program files (x86)/atmel/studio/7.0/toolchain/avr8/avr8-gnu-toolchain/bin/../lib/gcc/avr/5.4.0/../../../../avr/lib/avr6\libm.a(fp_nan.o)
                              c:/program files (x86)/atmel/studio/7.0/toolchain/avr8/avr8-gnu-toolchain/bin/../lib/gcc/avr/5.4.0/../../../../avr/lib/avr6\libm.a(addsf3x.o) (__fp_nan)
c:/program files (x86)/atmel/studio/7.0/toolchain/avr8/avr8-gnu-toolchain/bin/../lib/gcc/avr/5.4.0/../../../../avr/lib/avr6\libm.a(fp_pscA.o)
                              c:/program files (x86)/atmel/studio/7.0/toolchain/avr8/avr8-gnu-toolchain/bin/../lib/gcc/avr/5.4.0/../../../../avr/lib/avr6\libm.a(addsf3x.o) (__fp_pscA)
c:/program files (x86)/atmel/studio/7.0/toolchain/avr8/avr8-gnu-toolchain/bin/../lib/gcc/avr/5.4.0/../../../../avr/lib/avr6\libm.a(fp_pscB.o)
                              c:/program files (x86)/atmel/studio/7.0/toolchain/avr8/avr8-gnu-toolchain/bin/../lib/gcc/avr/5.4.0/../../../../avr/lib/avr6\libm.a(addsf3x.o) (__fp_pscB)
c:/program files (x86)/atmel/studio/7.0/toolchain/avr8/avr8-gnu-toolchain/bin/../lib/gcc/avr/5.4.0/../../../../avr/lib/avr6\libm.a(fp_round.o)
                              c:/program files (x86)/atmel/studio/7.0/toolchain/avr8/avr8-gnu-toolchain/bin/../lib/gcc/avr/5.4.0/../../../../avr/lib/avr6\libm.a(addsf3.o) (__fp_round)
c:/program files (x86)/atmel/studio/7.0/toolchain/avr8/avr8-gnu-toolchain/bin/../lib/gcc/avr/5.4.0/../../../../avr/lib/avr6\libm.a(fp_split3.o)
                              c:/program files (x86)/atmel/studio/7.0/toolchain/avr8/avr8-gnu-toolchain/bin/../lib/gcc/avr/5.4.0/../../../../avr/lib/avr6\libm.a(addsf3x.o) (__fp_split3)
c:/program files (x86)/atmel/studio/7.0/toolchain/avr8/avr8-gnu-toolchain/bin/../lib/gcc/avr/5.4.0/../../../../avr/lib/avr6\libm.a(fp_zero.o)
                              c:/program files (x86)/atmel/studio/7.0/toolchain/avr8/avr8-gnu-toolchain/bin/../lib/gcc/avr/5.4.0/../../../../avr/lib/avr6\libm.a(addsf3x.o) (__fp_zero)
c:/program files (x86)/atmel/studio/7.0/toolchain/avr8/avr8-gnu-toolchain/bin/../lib/gcc/avr/5.4.0/../../../../avr/lib/avr6\libm.a(mulsf3.o)
                              src/PID.o (__mulsf3)
c:/program files (x86)/atmel/studio/7.0/toolchain/avr8/avr8-gnu-toolchain/bin/../lib/gcc/avr/5.4.0/../../../../avr/lib/avr6\libm.a(mulsf3x.o)
                              c:/program files (x86)/atmel/studio/7.0/toolchain/avr8/avr8-gnu-toolchain/bin/../lib/gcc/avr/5.4.0/../../../../avr/lib/avr6\libm.a(mulsf3.o) (__mulsf3x)
c:/program files (x86)/atmel/studio/7.0/toolchain/avr8/avr8-gnu-toolchain/bin/../lib/gcc/avr/5.4.0/avr6\libgcc.a(_divmodhi4.o)
                              src/PID.o (__divmodhi4)
c:/program files (x86)/atmel/studio/7.0/toolchain/avr8/avr8-gnu-toolchain/bin/../lib/gcc/avr/5.4.0/avr6\libgcc.a(_exit.o)
                              c:/program files (x86)/atmel/studio/7.0/toolchain/avr8/avr8-gnu-toolchain/bin/../lib/gcc/avr/5.4.0/../../../../avr/lib/avr6/crtatmega2560.o (exit)
c:/program files (x86)/atmel/studio/7.0/toolchain/avr8/avr8-gnu-toolchain/bin/../lib/gcc/avr/5.4.0/avr6\libgcc.a(_tablejump2.o)
                              src/TWI_Master.o (__tablejump2__)
c:/program files (x86)/atmel/studio/7.0/toolchain/avr8/avr8-gnu-toolchain/bin/../lib/gcc/avr/5.4.0/avr6\libgcc.a(_copy_data.o)
                              src/can.o (__do_copy_data)
[...]
Memory Configuration

Name             Origin             Length             Attributes
text             0x00000000         0x00040000         xr
data             0x00800200         0x00002000         rw !x
eeprom           0x00810000         0x00001000         rw !x
fuse             0x00820000         0x00000003         rw !x
lock             0x00830000         0x00000400         rw !x
signature        0x00840000         0x00000400         rw !x
user_signatures  0x00850000         0x00000400         rw !x
*default*        0x00000000         0xffffffff

Linker script and memory map

Address of section .data set to 0x800200
LOAD c:/program files (x86)/atmel/studio/7.0/toolchain/avr8/avr8-gnu-toolchain/bin/../lib/gcc/avr/5.4.0/../../../../avr/lib/avr6/crtatmega2560.o
LOAD src/ADC.o
LOAD src/can.o
LOAD src/solenoid.o
LOAD src/PID.o
LOAD src/encoder.o
LOAD src/MCP2515.o
LOAD src/motor.o
LOAD src/spi.o
LOAD src/timer.o
LOAD src/TWI_Master.o
LOAD src/usart.o
LOAD src/ASF/mega/boards/stk600/rcx_x/init.o
LOAD src/main.o
START GROUP
LOAD c:/program files (x86)/atmel/studio/7.0/toolchain/avr8/avr8-gnu-toolchain/bin/../lib/gcc/avr/5.4.0/../../../../avr/lib/avr6\libm.a
END GROUP
START GROUP
LOAD c:/program files (x86)/atmel/studio/7.0/toolchain/avr8/avr8-gnu-toolchain/bin/../lib/gcc/avr/5.4.0/avr6\libgcc.a
LOAD c:/program files (x86)/atmel/studio/7.0/toolchain/avr8/avr8-gnu-toolchain/bin/../lib/gcc/avr/5.4.0/../../../../avr/lib/avr6\libm.a
LOAD c:/program files (x86)/atmel/studio/7.0/toolchain/avr8/avr8-gnu-toolchain/bin/../lib/gcc/avr/5.4.0/../../../../avr/lib/avr6\libc.a
LOAD c:/program files (x86)/atmel/studio/7.0/toolchain/avr8/avr8-gnu-toolchain/bin/../lib/gcc/avr/5.4.0/../../../../avr/lib/avr6\libatmega2560.a
END GROUP
                0x00000000                __TEXT_REGION_ORIGIN__ = DEFINED (__TEXT_REGION_ORIGIN__)?__TEXT_REGION_ORIGIN__:0x0
                [0x00800200]                __DATA_REGION_ORIGIN__ = DEFINED (__DATA_REGION_ORIGIN__)?__DATA_REGION_ORIGIN__:0x800200
                [0x00040000]                __TEXT_REGION_LENGTH__ = DEFINED (__TEXT_REGION_LENGTH__)?__TEXT_REGION_LENGTH__:0x100000
                [0x00002000]                __DATA_REGION_LENGTH__ = DEFINED (__DATA_REGION_LENGTH__)?__DATA_REGION_LENGTH__:0xfe00
                [0x00001000]                __EEPROM_REGION_LENGTH__ = DEFINED (__EEPROM_REGION_LENGTH__)?__EEPROM_REGION_LENGTH__:0x10000
                [0x00000003]                __FUSE_REGION_LENGTH__ = DEFINED (__FUSE_REGION_LENGTH__)?__FUSE_REGION_LENGTH__:0x400
                0x00000400                __LOCK_REGION_LENGTH__ = DEFINED (__LOCK_REGION_LENGTH__)?__LOCK_REGION_LENGTH__:0x400
                0x00000400                __SIGNATURE_REGION_LENGTH__ = DEFINED (__SIGNATURE_REGION_LENGTH__)?__SIGNATURE_REGION_LENGTH__:0x400
                0x00000400                __USER_SIGNATURE_REGION_LENGTH__ = DEFINED (__USER_SIGNATURE_REGION_LENGTH__)?__USER_SIGNATURE_REGION_LENGTH__:0x400

.hash
 *(.hash)

.dynsym
 *(.dynsym)

.dynstr
 *(.dynstr)

.gnu.version
 *(.gnu.version)

.gnu.version_d
 *(.gnu.version_d)

.gnu.version_r
 *(.gnu.version_r)

.rel.init
 *(.rel.init)

.rela.init
 *(.rela.init)

.rel.text
 *(.rel.text)
 *(.rel.text.*)
 *(.rel.gnu.linkonce.t*)

.rela.text
 *(.rela.text)
 *(.rela.text.*)
 *(.rela.gnu.linkonce.t*)

.rel.fini
 *(.rel.fini)

.rela.fini
 *(.rela.fini)

.rel.rodata
 *(.rel.rodata)
 *(.rel.rodata.*)
 *(.rel.gnu.linkonce.r*)

.rela.rodata
 *(.rela.rodata)
 *(.rela.rodata.*)
 *(.rela.gnu.linkonce.r*)

.rel.data
 *(.rel.data)
 *(.rel.data.*)
 *(.rel.gnu.linkonce.d*)

.rela.data
 *(.rela.data)
 *(.rela.data.*)
 *(.rela.gnu.linkonce.d*)

.rel.ctors
 *(.rel.ctors)

.rela.ctors
 *(.rela.ctors)

.rel.dtors
 *(.rel.dtors)

.rela.dtors
 *(.rela.dtors)

.rel.got
 *(.rel.got)

.rela.got
 *(.rela.got)

.rel.bss
 *(.rel.bss)

.rela.bss
 *(.rela.bss)

.rel.plt
 *(.rel.plt)

.rela.plt
 *(.rela.plt)

.text           0x00000000     0x1860
 *(.vectors)
 .vectors       0x00000000       0xe4 c:/program files (x86)/atmel/studio/7.0/toolchain/avr8/avr8-gnu-toolchain/bin/../lib/gcc/avr/5.4.0/../../../../avr/lib/avr6/crtatmega2560.o
                0x00000000                __vector_default
                0x00000000                __vectors
 *(.vectors)
 *(.progmem.gcc*)
 .progmem.gcc_sw_table.__vector_39
                0x000000e4       0xa2 src/TWI_Master.o
                0x00000186                . = ALIGN (0x2)
                0x00000186                __trampolines_start = .
 *(.trampolines)
 .trampolines   0x00000186        0x0 linker stubs
 *(.trampolines*)
                0x00000186                __trampolines_end = .
 *libprintf_flt.a:*(.progmem.data)
 *libc.a:*(.progmem.data)
 *(.progmem*)
                0x00000186                . = ALIGN (0x2)
 *(.jumptables)
 *(.jumptables*)
 *(.lowtext)
 *(.lowtext*)
                0x00000186                __ctors_start = .
 *(.ctors)
                0x00000186                __ctors_end = .
                0x00000186                __dtors_start = .
 *(.dtors)
                0x00000186                __dtors_end = .
 SORT(*)(.ctors)
 SORT(*)(.dtors)
 *(.init0)
 .init0         0x00000186        0x0 c:/program files (x86)/atmel/studio/7.0/toolchain/avr8/avr8-gnu-toolchain/bin/../lib/gcc/avr/5.4.0/../../../../avr/lib/avr6/crtatmega2560.o
                0x00000186                __init
 *(.init0)
 *(.init1)
 *(.init1)
 *(.init2)
 .init2         0x00000186       0x10 c:/program files (x86)/atmel/studio/7.0/toolchain/avr8/avr8-gnu-toolchain/bin/../lib/gcc/avr/5.4.0/../../../../avr/lib/avr6/crtatmega2560.o
 *(.init2)
 *(.init3)
 *(.init3)
 *(.init4)
 .init4         0x00000196       0x1a c:/program files (x86)/atmel/studio/7.0/toolchain/avr8/avr8-gnu-toolchain/bin/../lib/gcc/avr/5.4.0/avr6\libgcc.a(_copy_data.o)
                0x00000196                __do_copy_data
 .init4         0x000001b0       0x10 c:/program files (x86)/atmel/studio/7.0/toolchain/avr8/avr8-gnu-toolchain/bin/../lib/gcc/avr/5.4.0/avr6\libgcc.a(_clear_bss.o)
                0x000001b0                __do_clear_bss
 *(.init4)
 *(.init5)
 *(.init5)
 *(.init6)
 *(.init6)
 *(.init7)
 *(.init7)
 *(.init8)
 *(.init8)
 *(.init9)
 .init9         0x000001c0        0x6 c:/program files (x86)/atmel/studio/7.0/toolchain/avr8/avr8-gnu-toolchain/bin/../lib/gcc/avr/5.4.0/../../../../avr/lib/avr6/crtatmega2560.o
 *(.init9)
 *(.text)
 .text          0x000001c6        0x2 c:/program files (x86)/atmel/studio/7.0/toolchain/avr8/avr8-gnu-toolchain/bin/../lib/gcc/avr/5.4.0/../../../../avr/lib/avr6/crtatmega2560.o
                0x000001c6                __vector_38
                0x000001c6                __vector_22
                0x000001c6                __vector_28
                0x000001c6                __vector_34
                0x000001c6                __vector_24
                0x000001c6                __vector_12
                0x000001c6                __vector_55
                0x000001c6                __vector_46
                0x000001c6                __bad_interrupt
                0x000001c6                __vector_6
                0x000001c6                __vector_31
                0x000001c6                __vector_35
                0x000001c6                __vector_3
                0x000001c6                __vector_23
                0x000001c6                __vector_30
                0x000001c6                __vector_45
                0x000001c6                __vector_25
                0x000001c6                __vector_11
                0x000001c6                __vector_54
                0x000001c6                __vector_13
                0x000001c6                __vector_17
                0x000001c6                __vector_19
                0x000001c6                __vector_56
                0x000001c6                __vector_7
                0x000001c6                __vector_49
                0x000001c6                __vector_41
                0x000001c6                __vector_43
                0x000001c6                __vector_27
                0x000001c6                __vector_5
                0x000001c6                __vector_33
                0x000001c6                __vector_47
                0x000001c6                __vector_52
                0x000001c6                __vector_37
                0x000001c6                __vector_4
                0x000001c6                __vector_44
                0x000001c6                __vector_51
                0x000001c6                __vector_9
                0x000001c6                __vector_2
                0x000001c6                __vector_15
                0x000001c6                __vector_36
                0x000001c6                __vector_40
                0x000001c6                __vector_8
                0x000001c6                __vector_26
                0x000001c6                __vector_48
                0x000001c6                __vector_14
                0x000001c6                __vector_53
                0x000001c6                __vector_10
                0x000001c6                __vector_50
                0x000001c6                __vector_16
                0x000001c6                __vector_18
                0x000001c6                __vector_20
                0x000001c6                __vector_42
                0x000001c8                . = ALIGN (0x2)
 *(.text.*)
 .text.ADC_Init
                0x000001c8       0x2a src/ADC.o
                0x000001c8                ADC_Init
 .text.Game_Over
                0x000001f2       0x38 src/ADC.o
                0x000001f2                Game_Over
 .text.Game_Set
                0x0000022a       0x10 src/ADC.o
                0x0000022a                Game_Set
 .text.__vector_29
                0x0000023a       0x5a src/ADC.o
                0x0000023a                __vector_29
 .text.Can_Init
                0x00000294       0x26 src/can.o
                0x00000294                Can_Init
 .text.Can_Send_Msg
                0x000002ba       0x76 src/can.o
                0x000002ba                Can_Send_Msg
 .text.Can_Recieve_Msg
                0x00000330       0x7a src/can.o
                0x00000330                Can_Recieve_Msg
 .text.Can_Handle_Data
                0x000003aa       0x1a src/can.o
                0x000003aa                Can_Handle_Data
 .text.Get_Shoot_Solenoid_Status
                0x000003c4        0x6 src/can.o
                0x000003c4                Get_Shoot_Solenoid_Status
 .text.__vector_32
                0x000003ca       0x6e src/can.o
                0x000003ca                __vector_32
 .text.Set_Slide_Pos
                0x00000438        0xc src/can.o
                0x00000438                Set_Slide_Pos
 .text.set_shoot_solenoid_status
                0x00000444        0x6 src/can.o
                0x00000444                set_shoot_solenoid_status
 .text.Init_Solenoid
                0x0000044a        0x6 src/solenoid.o
                0x0000044a                Init_Solenoid
 .text.Trigger_Solenoid
                0x00000450        0x4 src/solenoid.o
                0x00000450                Trigger_Solenoid
 .text.Disable_Solenoid
                0x00000454       0x28 src/solenoid.o
                0x00000454                Disable_Solenoid
 .text.Get_Shot_Recently
                0x0000047c        0x6 src/solenoid.o
                0x0000047c                Get_Shot_Recently
 .text.Set_Shot_Recently
                0x00000482        0x6 src/solenoid.o
                0x00000482                Set_Shot_Recently
 .text.Calculate_PID_Power
                0x00000488      0x104 src/PID.o
                0x00000488                Calculate_PID_Power
 .text.Set_Power_and_Direction
                0x0000058c       0x34 src/PID.o
                0x0000058c                Set_Power_and_Direction
 .text.Encoder_Read_Data
                0x000005c0       0x3c src/encoder.o
                0x000005c0                Encoder_Read_Data
 .text.Encoder_Calibrate
                0x000005fc       0xd4 src/encoder.o
                0x000005fc                Encoder_Calibrate
 .text.Read_Max_Left_Pos
                0x000006d0        0xa src/encoder.o
                0x000006d0                Read_Max_Left_Pos
 .text.Read_Max_Right_Pos
                0x000006da        0xa src/encoder.o
                0x000006da                Read_Max_Right_Pos
 .text.Mcp_Read
                0x000006e4       0x1a src/MCP2515.o
                0x000006e4                Mcp_Read
 .text.Mcp_Write
                0x000006fe       0x1e src/MCP2515.o
                0x000006fe                Mcp_Write
 .text.Mcp_Reset
                0x0000071c        0xa src/MCP2515.o
                0x0000071c                Mcp_Reset
 .text.Mcp_Modify_Bit
                0x00000726       0x28 src/MCP2515.o
                0x00000726                Mcp_Modify_Bit
 .text.Mcp_Request_to_Send
                0x0000074e       0x1e src/MCP2515.o
                0x0000074e                Mcp_Request_to_Send
 .text.__vector_1
                0x0000076c       0x14 src/MCP2515.o
                0x0000076c                __vector_1
 .text.Motor_Reset
                0x00000780       0x1e src/motor.o
                0x00000780                Motor_Reset
 .text.Motor_Init
                0x0000079e       0x24 src/motor.o
                0x0000079e                Motor_Init
 .text.DAC_Send
                0x000007c2       0x4c src/motor.o
                0x000007c2                DAC_Send
 .text.Motor_Direction
                0x0000080e       0x2e src/motor.o
                0x0000080e                Motor_Direction
 .text.Spi_Init
                0x0000083c       0x10 src/spi.o
                0x0000083c                Spi_Init
 .text.Spi_Write
                0x0000084c        0xa src/spi.o
                0x0000084c                Spi_Write
 .text.Spi_Read
                0x00000856        0xe src/spi.o
                0x00000856                Spi_Read
 .text.Slave_Enable
                0x00000864        0x4 src/spi.o
                0x00000864                Slave_Enable
 .text.Slave_Deselect
                0x00000868        0x4 src/spi.o
                0x00000868                Slave_Deselect
 .text.Timer_Init
                0x0000086c       0x72 src/timer.o
                0x0000086c                Timer_Init
 .text.Timer_1_Set_Top
                0x000008de       0x4a src/timer.o
                0x000008de                Timer_1_Set_Top
 .text.TWI_Master_Initialise
                0x00000928       0x14 src/TWI_Master.o
                0x00000928                TWI_Master_Initialise
 .text.TWI_Start_Transceiver_With_Data
                0x0000093c       0x48 src/TWI_Master.o
                0x0000093c                TWI_Start_Transceiver_With_Data
 .text.__vector_39
                0x00000984      0x10c src/TWI_Master.o
                0x00000984                __vector_39
 .text.USART_Transmit
                0x00000a90       0x14 src/usart.o
                0x00000a90                USART_Transmit
 .text.USART_Receive
                0x00000aa4       0x12 src/usart.o
                0x00000aa4                USART_Receive
 .text.USART_Init
                0x00000ab6       0x2c src/usart.o
                0x00000ab6                USART_Init
 .text.Node_Two_Init
                0x00000ae2       0x62 src/main.o
                0x00000ae2                Node_Two_Init
 .text.main     0x00000b44       0xc4 src/main.o
                0x00000b44                main
 .text.__vector_21
                0x00000c08       0x32 src/main.o
                0x00000c08                __vector_21
 .text.avr-libc.fplib
                0x00000c3a        0xa c:/program files (x86)/atmel/studio/7.0/toolchain/avr8/avr8-gnu-toolchain/bin/../lib/gcc/avr/5.4.0/../../../../avr/lib/avr6\libm.a(addsf3.o)
                0x00000c3a                __subsf3
                0x00000c3c                __addsf3
 .text.avr-libc.fplib
                0x00000c44       0xc0 c:/program files (x86)/atmel/studio/7.0/toolchain/avr8/avr8-gnu-toolchain/bin/../lib/gcc/avr/5.4.0/../../../../avr/lib/avr6\libm.a(addsf3x.o)
                0x00000c5e                __addsf3x
 .text.avr-libc.fplib
                0x00000d04        0xa c:/program files (x86)/atmel/studio/7.0/toolchain/avr8/avr8-gnu-toolchain/bin/../lib/gcc/avr/5.4.0/../../../../avr/lib/avr6\libm.a(fixsfsi.o)
                0x00000d04                __fixsfsi
 .text.avr-libc.fplib
                0x00000d0e       0x58 c:/program files (x86)/atmel/studio/7.0/toolchain/avr8/avr8-gnu-toolchain/bin/../lib/gcc/avr/5.4.0/../../../../avr/lib/avr6\libm.a(fixunssfsi.o)
                0x00000d0e                __fixunssfsi
 .text.avr-libc.fplib
                0x00000d66       0x7a c:/program files (x86)/atmel/studio/7.0/toolchain/avr8/avr8-gnu-toolchain/bin/../lib/gcc/avr/5.4.0/../../../../avr/lib/avr6\libm.a(floatsisf.o)
                0x00000d66                __floatunsisf
                0x00000d6a                __floatsisf
 .text.avr-libc.fplib
                0x00000de0        0xc c:/program files (x86)/atmel/studio/7.0/toolchain/avr8/avr8-gnu-toolchain/bin/../lib/gcc/avr/5.4.0/../../../../avr/lib/avr6\libm.a(fp_inf.o)
                0x00000de0                __fp_inf
 .text.avr-libc.fplib
                0x00000dec        0x6 c:/program files (x86)/atmel/studio/7.0/toolchain/avr8/avr8-gnu-toolchain/bin/../lib/gcc/avr/5.4.0/../../../../avr/lib/avr6\libm.a(fp_nan.o)
                0x00000dec                __fp_nan
 .text.avr-libc.fplib
                0x00000df2        0xe c:/program files (x86)/atmel/studio/7.0/toolchain/avr8/avr8-gnu-toolchain/bin/../lib/gcc/avr/5.4.0/../../../../avr/lib/avr6\libm.a(fp_pscA.o)
                0x00000df2                __fp_pscA
 .text.avr-libc.fplib
                0x00000e00        0xe c:/program files (x86)/atmel/studio/7.0/toolchain/avr8/avr8-gnu-toolchain/bin/../lib/gcc/avr/5.4.0/../../../../avr/lib/avr6\libm.a(fp_pscB.o)
                0x00000e00                __fp_pscB
 .text.avr-libc.fplib
                0x00000e0e       0x22 c:/program files (x86)/atmel/studio/7.0/toolchain/avr8/avr8-gnu-toolchain/bin/../lib/gcc/avr/5.4.0/../../../../avr/lib/avr6\libm.a(fp_round.o)
                0x00000e0e                __fp_round
 .text.avr-libc.fplib
                0x00000e30       0x44 c:/program files (x86)/atmel/studio/7.0/toolchain/avr8/avr8-gnu-toolchain/bin/../lib/gcc/avr/5.4.0/../../../../avr/lib/avr6\libm.a(fp_split3.o)
                0x00000e30                __fp_split3
                0x00000e40                __fp_splitA
 .text.avr-libc.fplib
                0x00000e74        0xe c:/program files (x86)/atmel/studio/7.0/toolchain/avr8/avr8-gnu-toolchain/bin/../lib/gcc/avr/5.4.0/../../../../avr/lib/avr6\libm.a(fp_zero.o)
                0x00000e74                __fp_zero
                0x00000e76                __fp_szero
 .text.avr-libc.fplib
                0x00000e82        0x4 c:/program files (x86)/atmel/studio/7.0/toolchain/avr8/avr8-gnu-toolchain/bin/../lib/gcc/avr/5.4.0/../../../../avr/lib/avr6\libm.a(mulsf3.o)
                0x00000e82                __mulsf3
 .text.avr-libc.fplib
                0x00000e86       0xc2 c:/program files (x86)/atmel/studio/7.0/toolchain/avr8/avr8-gnu-toolchain/bin/../lib/gcc/avr/5.4.0/../../../../avr/lib/avr6\libm.a(mulsf3x.o)
                0x00000e9a                __mulsf3x
                0x00000e9e                __mulsf3_pse
 .text.libgcc.div
                0x00000f48       0x26 c:/program files (x86)/atmel/studio/7.0/toolchain/avr8/avr8-gnu-toolchain/bin/../lib/gcc/avr/5.4.0/avr6\libgcc.a(_divmodhi4.o)
                0x00000f48                _div
                0x00000f48                __divmodhi4
 .text.libgcc   0x00000f6e       0x10 c:/program files (x86)/atmel/studio/7.0/toolchain/avr8/avr8-gnu-toolchain/bin/../lib/gcc/avr/5.4.0/avr6\libgcc.a(_tablejump2.o)
                0x00000f6e                __tablejump2__
 .text.libgcc.mul
                0x00000f7e       0x1e c:/program files (x86)/atmel/studio/7.0/toolchain/avr8/avr8-gnu-toolchain/bin/../lib/gcc/avr/5.4.0/avr6\libgcc.a(_umulhisi3.o)
                0x00000f7e                __umulhisi3
 .text.libgcc.div
                0x00000f9c       0x28 c:/program files (x86)/atmel/studio/7.0/toolchain/avr8/avr8-gnu-toolchain/bin/../lib/gcc/avr/5.4.0/avr6\libgcc.a(_udivmodhi4.o)
                0x00000f9c                __udivmodhi4
 .text.avr-libc
                0x00000fc4       0x94 c:/program files (x86)/atmel/studio/7.0/toolchain/avr8/avr8-gnu-toolchain/bin/../lib/gcc/avr/5.4.0/../../../../avr/lib/avr6\libc.a(fdevopen.o)
                0x00000fc4                fdevopen
 .text.avr-libc
                0x00001058       0x26 c:/program files (x86)/atmel/studio/7.0/toolchain/avr8/avr8-gnu-toolchain/bin/../lib/gcc/avr/5.4.0/../../../../avr/lib/avr6\libc.a(printf.o)
                0x00001058                printf
 .text.avr-libc
                0x0000107e      0x3fa c:/program files (x86)/atmel/studio/7.0/toolchain/avr8/avr8-gnu-toolchain/bin/../lib/gcc/avr/5.4.0/../../../../avr/lib/avr6\libc.a(vfprintf_std.o)
                0x0000107e                vfprintf
 .text.avr-libc
                0x00001478       0x34 c:/program files (x86)/atmel/studio/7.0/toolchain/avr8/avr8-gnu-toolchain/bin/../lib/gcc/avr/5.4.0/../../../../avr/lib/avr6\libc.a(calloc.o)
                0x00001478                calloc
 .text.avr-libc
                0x000014ac      0x242 c:/program files (x86)/atmel/studio/7.0/toolchain/avr8/avr8-gnu-toolchain/bin/../lib/gcc/avr/5.4.0/../../../../avr/lib/avr6\libc.a(malloc.o)
                0x000014ac                malloc
                0x000015dc                free
 .text.avr-libc
                0x000016ee       0x16 c:/program files (x86)/atmel/studio/7.0/toolchain/avr8/avr8-gnu-toolchain/bin/../lib/gcc/avr/5.4.0/../../../../avr/lib/avr6\libc.a(strnlen_P.o)
                0x000016ee                strnlen_P
 .text.avr-libc
                0x00001704        0xe c:/program files (x86)/atmel/studio/7.0/toolchain/avr8/avr8-gnu-toolchain/bin/../lib/gcc/avr/5.4.0/../../../../avr/lib/avr6\libc.a(memset.o)
                0x00001704                memset
 .text.avr-libc
                0x00001712       0x16 c:/program files (x86)/atmel/studio/7.0/toolchain/avr8/avr8-gnu-toolchain/bin/../lib/gcc/avr/5.4.0/../../../../avr/lib/avr6\libc.a(strnlen.o)
                0x00001712                strnlen
 .text.avr-libc
                0x00001728       0x78 c:/program files (x86)/atmel/studio/7.0/toolchain/avr8/avr8-gnu-toolchain/bin/../lib/gcc/avr/5.4.0/../../../../avr/lib/avr6\libc.a(fputc.o)
                0x00001728                fputc
 .text.avr-libc
                0x000017a0       0xbc c:/program files (x86)/atmel/studio/7.0/toolchain/avr8/avr8-gnu-toolchain/bin/../lib/gcc/avr/5.4.0/../../../../avr/lib/avr6\libc.a(ultoa_invert.o)
                0x000017a0                __ultoa_invert
                0x0000185c                . = ALIGN (0x2)
 *(.fini9)
 .fini9         0x0000185c        0x0 c:/program files (x86)/atmel/studio/7.0/toolchain/avr8/avr8-gnu-toolchain/bin/../lib/gcc/avr/5.4.0/avr6\libgcc.a(_exit.o)
                0x0000185c                _exit
                0x0000185c                exit
 *(.fini9)
 *(.fini8)
 *(.fini8)
 *(.fini7)
 *(.fini7)
 *(.fini6)
 *(.fini6)
 *(.fini5)
 *(.fini5)
 *(.fini4)
 *(.fini4)
 *(.fini3)
 *(.fini3)
 *(.fini2)
 *(.fini2)
 *(.fini1)
 *(.fini1)
 *(.fini0)
 .fini0         0x0000185c        0x4 c:/program files (x86)/atmel/studio/7.0/toolchain/avr8/avr8-gnu-toolchain/bin/../lib/gcc/avr/5.4.0/avr6\libgcc.a(_exit.o)
 *(.fini0)
                0x00001860                _etext = .

.data           0x00800200       0xd8 load address 0x00001860
                0x00800200                PROVIDE (__data_start, .)
 *(.data)
 .data          0x00800200        0x6 c:/program files (x86)/atmel/studio/7.0/toolchain/avr8/avr8-gnu-toolchain/bin/../lib/gcc/avr/5.4.0/../../../../avr/lib/avr6\libc.a(malloc.o)
                0x00800200                __malloc_heap_end
                0x00800202                __malloc_heap_start
                0x00800204                __malloc_margin
 *(.data*)
 .data.slider_pos
                0x00800206        0x2 src/can.o
                0x00800206                slider_pos
 .data.Ki       0x00800208        0x4 src/PID.o
                0x00800208                Ki
 .data.Kp       0x0080020c        0x4 src/PID.o
                0x0080020c                Kp
 .data.dt       0x00800210        0x4 src/PID.o
                0x00800210                dt
 .data.TWI_state
                0x00800214        0x1 src/TWI_Master.o
 *(.gnu.linkonce.d*)
 *(.rodata)
 *(.rodata*)
 .rodata.str1.1
                0x00800215       0x3c src/can.o
 .rodata.str1.1
                0x00800251       0x3f src/encoder.o
 .rodata.str1.1
                0x00800290        0xd src/motor.o
 .rodata.str1.1
                0x0080029d       0x3b src/main.o
 *(.gnu.linkonce.r*)
                0x008002d8                . = ALIGN (0x2)
                0x008002d8                _edata = .
                0x008002d8                PROVIDE (__data_end, .)

.bss            0x008002d8       0x21
                0x008002d8                PROVIDE (__bss_start, .)
 *(.bss)
 *(.bss*)
 .bss.game_on   0x008002d8        0x1 src/ADC.o
                0x008002d8                game_on
 .bss.counter   0x008002d9        0x1 src/can.o
                0x008002d9                counter
 .bss.shoot_solenoid_status
                0x008002da        0x1 src/can.o
                0x008002da                shoot_solenoid_status
 .bss.pos       0x008002db        0x2 src/can.o
                0x008002db                pos
 .bss.shot_recently
                0x008002dd        0x1 src/solenoid.o
                0x008002dd                shot_recently
 .bss.integral  0x008002de        0x4 src/PID.o
                0x008002de                integral
 .bss.max_right_pos
                0x008002e2        0x2 src/encoder.o
                0x008002e2                max_right_pos
 .bss.max_left_pos
                0x008002e4        0x2 src/encoder.o
                0x008002e4                max_left_pos
 .bss.TWI_bufPtr.1673
                0x008002e6        0x1 src/TWI_Master.o
 .bss.TWI_statusReg
                0x008002e7        0x1 src/TWI_Master.o
                0x008002e7                TWI_statusReg
 .bss.TWI_msgSize
                0x008002e8        0x1 src/TWI_Master.o
 .bss.TWI_buf   0x008002e9        0x4 src/TWI_Master.o
 *(COMMON)
 COMMON         0x008002ed        0x2 src/usart.o
                0x008002ed                usart
 COMMON         0x008002ef        0x6 c:/program files (x86)/atmel/studio/7.0/toolchain/avr8/avr8-gnu-toolchain/bin/../lib/gcc/avr/5.4.0/../../../../avr/lib/avr6\libc.a(iob.o)
                0x008002ef                __iob
 COMMON         0x008002f5        0x4 c:/program files (x86)/atmel/studio/7.0/toolchain/avr8/avr8-gnu-toolchain/bin/../lib/gcc/avr/5.4.0/../../../../avr/lib/avr6\libc.a(malloc.o)
                0x008002f5                __brkval
                0x008002f7                __flp
                0x008002f9                PROVIDE (__bss_end, .)
                0x00001860                __data_load_start = LOADADDR (.data)
                0x00001938                __data_load_end = (__data_load_start + SIZEOF (.data))

.noinit         0x008002f9        0x0
                [!provide]                PROVIDE (__noinit_start, .)
 *(.noinit*)
                [!provide]                PROVIDE (__noinit_end, .)
                0x008002f9                _end = .
                0x008002f9                PROVIDE (__heap_start, .)

.eeprom         0x00810000        0x0
 *(.eeprom*)
                0x00810000                __eeprom_end = .

.fuse
 *(.fuse)
 *(.lfuse)
 *(.hfuse)
 *(.efuse)

.lock
 *(.lock*)

.signature
 *(.signature*)

.user_signatures
 *(.user_signatures*)

.stab
 *(.stab)

.stabstr
 *(.stabstr)

.stab.excl
 *(.stab.excl)

.stab.exclstr
 *(.stab.exclstr)

.stab.index
 *(.stab.index)

.stab.indexstr
 *(.stab.indexstr)

.comment        0x00000000       0x5c
 *(.comment)
 .comment       0x00000000       0x30 src/ADC.o
                                 0x31 (size before relaxing)
 .comment       0x00000030       0x31 src/can.o
 .comment       0x00000030       0x31 src/solenoid.o
 .comment       0x00000030       0x31 src/PID.o
 .comment       0x00000030       0x31 src/encoder.o
 .comment       0x00000030       0x31 src/MCP2515.o
 .comment       0x00000030       0x31 src/motor.o
 .comment       0x00000030       0x31 src/spi.o
 .comment       0x00000030       0x31 src/timer.o
 .comment       0x00000030       0x31 src/TWI_Master.o
 .comment       0x00000030       0x31 src/usart.o
 .comment       0x00000030       0x31 src/main.o
 .comment       0x00000030       0x31 c:/program files (x86)/atmel/studio/7.0/toolchain/avr8/avr8-gnu-toolchain/bin/../lib/gcc/avr/5.4.0/../../../../avr/lib/avr6\libc.a(fdevopen.o)
 .comment       0x00000030       0x31 c:/program files (x86)/atmel/studio/7.0/toolchain/avr8/avr8-gnu-toolchain/bin/../lib/gcc/avr/5.4.0/../../../../avr/lib/avr6\libc.a(iob.o)
 .comment       0x00000030       0x31 c:/program files (x86)/atmel/studio/7.0/toolchain/avr8/avr8-gnu-toolchain/bin/../lib/gcc/avr/5.4.0/../../../../avr/lib/avr6\libc.a(printf.o)
 .comment       0x00000030       0x2c c:/program files (x86)/atmel/studio/7.0/toolchain/avr8/avr8-gnu-toolchain/bin/../lib/gcc/avr/5.4.0/../../../../avr/lib/avr6\libc.a(vfprintf_std.o)
                                 0x2d (size before relaxing)
 .comment       0x0000005c       0x31 c:/program files (x86)/atmel/studio/7.0/toolchain/avr8/avr8-gnu-toolchain/bin/../lib/gcc/avr/5.4.0/../../../../avr/lib/avr6\libc.a(calloc.o)
 .comment       0x0000005c       0x31 c:/program files (x86)/atmel/studio/7.0/toolchain/avr8/avr8-gnu-toolchain/bin/../lib/gcc/avr/5.4.0/../../../../avr/lib/avr6\libc.a(malloc.o)
 .comment       0x0000005c       0x31 c:/program files (x86)/atmel/studio/7.0/toolchain/avr8/avr8-gnu-toolchain/bin/../lib/gcc/avr/5.4.0/../../../../avr/lib/avr6\libc.a(fputc.o)

.note.gnu.avr.deviceinfo
                0x00000000       0x40
 .note.gnu.avr.deviceinfo
                0x00000000       0x40 c:/program files (x86)/atmel/studio/7.0/toolchain/avr8/avr8-gnu-toolchain/bin/../lib/gcc/avr/5.4.0/../../../../avr/lib/avr6/crtatmega2560.o

.note.gnu.build-id
 *(.note.gnu.build-id)

.debug
 *(.debug)

.line
 *(.line)

.debug_srcinfo
 *(.debug_srcinfo)

.debug_sfnames
 *(.debug_sfnames)

.debug_aranges  0x00000000      0x2f0
 *(.debug_aranges)
 .debug_aranges
                0x00000000       0x40 src/ADC.o
 .debug_aranges
                0x00000040       0x58 src/can.o
 .debug_aranges
                0x00000098       0x40 src/solenoid.o
 .debug_aranges
                0x000000d8       0x30 src/PID.o
 .debug_aranges
                0x00000108       0x38 src/encoder.o
 .debug_aranges
                0x00000140       0x48 src/MCP2515.o
 .debug_aranges
                0x00000188       0x40 src/motor.o
 .debug_aranges
                0x000001c8       0x40 src/spi.o
 .debug_aranges
                0x00000208       0x38 src/timer.o
 .debug_aranges
                0x00000240       0x50 src/TWI_Master.o
 .debug_aranges
                0x00000290       0x30 src/usart.o
 .debug_aranges
                0x000002c0       0x30 src/main.o

.debug_pubnames
 *(.debug_pubnames)

.debug_info     0x00000000     0x2b76
 *(.debug_info .gnu.linkonce.wi.*)
 .debug_info    0x00000000      0xbbc c:/program files (x86)/atmel/studio/7.0/toolchain/avr8/avr8-gnu-toolchain/bin/../lib/gcc/avr/5.4.0/../../../../avr/lib/avr6/crtatmega2560.o
 .debug_info    0x00000bbc      0x1d1 src/ADC.o
 .debug_info    0x00000d8d      0x4f2 src/can.o
 .debug_info    0x0000127f      0x1cc src/solenoid.o
 .debug_info    0x0000144b      0x239 src/PID.o
 .debug_info    0x00001684      0x42f src/encoder.o
 .debug_info    0x00001ab3      0x2f6 src/MCP2515.o
 .debug_info    0x00001da9      0x332 src/motor.o
 .debug_info    0x000020db       0xfc src/spi.o
 .debug_info    0x000021d7       0xfc src/timer.o
 .debug_info    0x000022d3      0x292 src/TWI_Master.o
 .debug_info    0x00002565      0x229 src/usart.o
 .debug_info    0x0000278e      0x3e8 src/main.o

.debug_abbrev   0x00000000     0x1a0e
 *(.debug_abbrev)
 .debug_abbrev  0x00000000      0xb1a c:/program files (x86)/atmel/studio/7.0/toolchain/avr8/avr8-gnu-toolchain/bin/../lib/gcc/avr/5.4.0/../../../../avr/lib/avr6/crtatmega2560.o
 .debug_abbrev  0x00000b1a      0x16b src/ADC.o
 .debug_abbrev  0x00000c85      0x19d src/can.o
 .debug_abbrev  0x00000e22      0x11f src/solenoid.o
 .debug_abbrev  0x00000f41      0x134 src/PID.o
 .debug_abbrev  0x00001075      0x1b2 src/encoder.o
 .debug_abbrev  0x00001227       0xf8 src/MCP2515.o
 .debug_abbrev  0x0000131f      0x1b1 src/motor.o
 .debug_abbrev  0x000014d0       0x97 src/spi.o
 .debug_abbrev  0x00001567       0x8c src/timer.o
 .debug_abbrev  0x000015f3      0x1b0 src/TWI_Master.o
 .debug_abbrev  0x000017a3      0x139 src/usart.o
 .debug_abbrev  0x000018dc      0x132 src/main.o

.debug_line     0x00000000     0x29c3
 *(.debug_line .debug_line.* .debug_line_end)
 .debug_line    0x00000000       0x1a c:/program files (x86)/atmel/studio/7.0/toolchain/avr8/avr8-gnu-toolchain/bin/../lib/gcc/avr/5.4.0/../../../../avr/lib/avr6/crtatmega2560.o
 .debug_line    0x0000001a      0x2cb src/ADC.o
 .debug_line    0x000002e5      0x459 src/can.o
 .debug_line    0x0000073e      0x328 src/solenoid.o
 .debug_line    0x00000a66      0x377 src/PID.o
 .debug_line    0x00000ddd      0x3cd src/encoder.o
 .debug_line    0x000011aa      0x31f src/MCP2515.o
 .debug_line    0x000014c9      0x3aa src/motor.o
 .debug_line    0x00001873      0x29d src/spi.o
 .debug_line    0x00001b10      0x2c8 src/timer.o
 .debug_line    0x00001dd8      0x403 src/TWI_Master.o
 .debug_line    0x000021db      0x29f src/usart.o
 .debug_line    0x0000247a      0x549 src/main.o

.debug_frame    0x00000000      0x678
 *(.debug_frame)
 .debug_frame   0x00000000       0xbc src/ADC.o
 .debug_frame   0x000000bc      0x11c src/can.o
 .debug_frame   0x000001d8       0x64 src/solenoid.o
 .debug_frame   0x0000023c       0x64 src/PID.o
 .debug_frame   0x000002a0       0x74 src/encoder.o
 .debug_frame   0x00000314       0xac src/MCP2515.o
 .debug_frame   0x000003c0       0x84 src/motor.o
 .debug_frame   0x00000444       0x64 src/spi.o
 .debug_frame   0x000004a8       0x54 src/timer.o
 .debug_frame   0x000004fc       0xb8 src/TWI_Master.o
 .debug_frame   0x000005b4       0x44 src/usart.o
 .debug_frame   0x000005f8       0x80 src/main.o

.debug_str      0x00000000    0x14e76
 *(.debug_str)
 .debug_str     0x00000000      0x3e6 c:/program files (x86)/atmel/studio/7.0/toolchain/avr8/avr8-gnu-toolchain/bin/../lib/gcc/avr/5.4.0/../../../../avr/lib/avr6/crtatmega2560.o
 .debug_str     0x000003e6     0x8fcc src/ADC.o
                               0x9115 (size before relaxing)
 .debug_str     0x000093b2      0xd1e src/can.o
                               0x9ded (size before relaxing)
 .debug_str     0x0000a0d0       0x9b src/solenoid.o
                               0x921e (size before relaxing)
 .debug_str     0x0000a16b      0x344 src/PID.o
                               0x9829 (size before relaxing)
 .debug_str     0x0000a4af       0x54 src/encoder.o
                               0x9831 (size before relaxing)
 .debug_str     0x0000a503       0x5c src/MCP2515.o
                               0x987c (size before relaxing)
 .debug_str     0x0000a55f      0x369 src/motor.o
                               0x953f (size before relaxing)
 .debug_str     0x0000a8c8        0xd src/spi.o
                               0x8d5f (size before relaxing)
 .debug_str     0x0000a8d5       0x49 src/timer.o
                               0x90d2 (size before relaxing)
 .debug_str     0x0000a91e       0xcf src/TWI_Master.o
                               0x8e54 (size before relaxing)
 .debug_str     0x0000a9ed       0x78 src/usart.o
                               0x8dee (size before relaxing)
 .debug_str     0x0000aa65     0xa411 src/main.o
                              0x13d89 (size before relaxing)

.debug_loc      0x00000000     0x1165
 *(.debug_loc)
 .debug_loc     0x00000000      0x146 src/ADC.o
 .debug_loc     0x00000146      0x2a0 src/can.o
 .debug_loc     0x000003e6       0x90 src/solenoid.o
 .debug_loc     0x00000476      0x1ef src/PID.o
 .debug_loc     0x00000665      0x2e8 src/encoder.o
 .debug_loc     0x0000094d      0x23b src/MCP2515.o
 .debug_loc     0x00000b88      0x256 src/motor.o
 .debug_loc     0x00000dde       0x7d src/timer.o
 .debug_loc     0x00000e5b      0x19b src/TWI_Master.o
 .debug_loc     0x00000ff6       0x6b src/usart.o
 .debug_loc     0x00001061      0x104 src/main.o

.debug_macinfo
 *(.debug_macinfo)

.debug_weaknames
 *(.debug_weaknames)

.debug_funcnames
 *(.debug_funcnames)

.debug_typenames
 *(.debug_typenames)

.debug_varnames
 *(.debug_varnames)

.debug_pubtypes
 *(.debug_pubtypes)

.debug_ranges   0x00000000      0x230
 *(.debug_ranges)
 .debug_ranges  0x00000000       0x30 src/ADC.o
 .debug_ranges  0x00000030       0x48 src/can.o
 .debug_ranges  0x00000078       0x30 src/solenoid.o
 .debug_ranges  0x000000a8       0x20 src/PID.o
 .debug_ranges  0x000000c8       0x28 src/encoder.o
 .debug_ranges  0x000000f0       0x38 src/MCP2515.o
 .debug_ranges  0x00000128       0x30 src/motor.o
 .debug_ranges  0x00000158       0x30 src/spi.o
 .debug_ranges  0x00000188       0x28 src/timer.o
 .debug_ranges  0x000001b0       0x40 src/TWI_Master.o
 .debug_ranges  0x000001f0       0x20 src/usart.o
 .debug_ranges  0x00000210       0x20 src/main.o

.debug_macro    0x00000000     0x4e54
 *(.debug_macro)
 .debug_macro   0x00000000       0xca src/ADC.o
 .debug_macro   0x000000ca      0xa72 src/ADC.o
 .debug_macro   0x00000b3c       0x10 src/ADC.o
 .debug_macro   0x00000b4c      0x1c9 src/ADC.o
 .debug_macro   0x00000d15      0x2fc src/ADC.o
 .debug_macro   0x00001011       0x9e src/ADC.o
 .debug_macro   0x000010af     0x1fde src/ADC.o
 .debug_macro   0x0000308d      0x2ea src/ADC.o
 .debug_macro   0x00003377       0xd9 src/ADC.o
 .debug_macro   0x00003450       0x34 src/ADC.o
 .debug_macro   0x00003484       0x18 src/ADC.o
 .debug_macro   0x0000349c       0x6c src/ADC.o
 .debug_macro   0x00003508       0x58 src/ADC.o
 .debug_macro   0x00003560       0x10 src/ADC.o
 .debug_macro   0x00003570       0x97 src/ADC.o
 .debug_macro   0x00003607       0xf2 src/ADC.o
 .debug_macro   0x000036f9       0x69 src/ADC.o
 .debug_macro   0x00003762      0x11b src/can.o
 .debug_macro   0x0000387d      0x2bb src/can.o
 .debug_macro   0x00003b38       0xaa src/can.o
 .debug_macro   0x00003be2       0x28 src/can.o
 .debug_macro   0x00003c0a       0x10 src/can.o
 .debug_macro   0x00003c1a      0x166 src/can.o
 .debug_macro   0x00003d80       0xdd src/solenoid.o
 .debug_macro   0x00003e5d       0x22 src/solenoid.o
 .debug_macro   0x00003e7f      0x117 src/PID.o
 .debug_macro   0x00003f96       0x1c src/PID.o
 .debug_macro   0x00003fb2       0x97 src/PID.o
 .debug_macro   0x00004049       0x66 src/PID.o
 .debug_macro   0x000040af      0x160 src/PID.o
 .debug_macro   0x0000420f      0x117 src/encoder.o
 .debug_macro   0x00004326       0xd0 src/MCP2515.o
 .debug_macro   0x000043f6      0x2b5 src/MCP2515.o
 .debug_macro   0x000046ab       0x63 src/MCP2515.o
 .debug_macro   0x0000470e       0xe6 src/motor.o
 .debug_macro   0x000047f4       0xca src/motor.o
 .debug_macro   0x000048be       0xb7 src/spi.o
 .debug_macro   0x00004975       0xc0 src/timer.o
 .debug_macro   0x00004a35       0x99 src/TWI_Master.o
 .debug_macro   0x00004ace       0xc0 src/usart.o
 .debug_macro   0x00004b8e      0x1d0 src/main.o
 .debug_macro   0x00004d5e       0xf6 src/main.o
OUTPUT(byggern43_node2.elf elf32-avr)
LOAD linker stubs
