Archive member included to satisfy reference by file (symbol)

c:/program files (x86)/atmel/studio/7.0/toolchain/avr8/avr8-gnu-toolchain/bin/../lib/gcc/avr/5.4.0/avr5\libgcc.a(_divmodhi4.o)
                              sources/usercontrol.o (__divmodhi4)
c:/program files (x86)/atmel/studio/7.0/toolchain/avr8/avr8-gnu-toolchain/bin/../lib/gcc/avr/5.4.0/avr5\libgcc.a(_exit.o)
                              c:/program files (x86)/atmel/studio/7.0/toolchain/avr8/avr8-gnu-toolchain/bin/../lib/gcc/avr/5.4.0/../../../../avr/lib/avr5/crtatmega162.o (exit)
c:/program files (x86)/atmel/studio/7.0/toolchain/avr8/avr8-gnu-toolchain/bin/../lib/gcc/avr/5.4.0/avr5\libgcc.a(_tablejump2.o)
                              sources/game.o (__tablejump2__)
c:/program files (x86)/atmel/studio/7.0/toolchain/avr8/avr8-gnu-toolchain/bin/../lib/gcc/avr/5.4.0/avr5\libgcc.a(_copy_data.o)
                              main.o (__do_copy_data)
c:/program files (x86)/atmel/studio/7.0/toolchain/avr8/avr8-gnu-toolchain/bin/../lib/gcc/avr/5.4.0/avr5\libgcc.a(_clear_bss.o)
                              main.o (__do_clear_bss)
c:/program files (x86)/atmel/studio/7.0/toolchain/avr8/avr8-gnu-toolchain/bin/../lib/gcc/avr/5.4.0/avr5\libgcc.a(_udivmodhi4.o)
                              c:/program files (x86)/atmel/studio/7.0/toolchain/avr8/avr8-gnu-toolchain/bin/../lib/gcc/avr/5.4.0/avr5\libgcc.a(_divmodhi4.o) (__udivmodhi4)
c:/program files (x86)/atmel/studio/7.0/toolchain/avr8/avr8-gnu-toolchain/bin/../lib/gcc/avr/5.4.0/../../../../avr/lib/avr5\libc.a(fdevopen.o)
                              sources/usart.o (fdevopen)
c:/program files (x86)/atmel/studio/7.0/toolchain/avr8/avr8-gnu-toolchain/bin/../lib/gcc/avr/5.4.0/../../../../avr/lib/avr5\libc.a(iob.o)
                              c:/program files (x86)/atmel/studio/7.0/toolchain/avr8/avr8-gnu-toolchain/bin/../lib/gcc/avr/5.4.0/../../../../avr/lib/avr5\libc.a(fdevopen.o) (__iob)
c:/program files (x86)/atmel/studio/7.0/toolchain/avr8/avr8-gnu-toolchain/bin/../lib/gcc/avr/5.4.0/../../../../avr/lib/avr5\libc.a(printf.o)
                              main.o (printf)
c:/program files (x86)/atmel/studio/7.0/toolchain/avr8/avr8-gnu-toolchain/bin/../lib/gcc/avr/5.4.0/../../../../avr/lib/avr5\libc.a(sprintf.o)
                              sources/game.o (sprintf)
c:/program files (x86)/atmel/studio/7.0/toolchain/avr8/avr8-gnu-toolchain/bin/../lib/gcc/avr/5.4.0/../../../../avr/lib/avr5\libc.a(vfprintf_std.o)
                              c:/program files (x86)/atmel/studio/7.0/toolchain/avr8/avr8-gnu-toolchain/bin/../lib/gcc/avr/5.4.0/../../../../avr/lib/avr5\libc.a(printf.o) (vfprintf)
c:/program files (x86)/atmel/studio/7.0/toolchain/avr8/avr8-gnu-toolchain/bin/../lib/gcc/avr/5.4.0/../../../../avr/lib/avr5\libc.a(calloc.o)
                              c:/program files (x86)/atmel/studio/7.0/toolchain/avr8/avr8-gnu-toolchain/bin/../lib/gcc/avr/5.4.0/../../../../avr/lib/avr5\libc.a(fdevopen.o) (calloc)
c:/program files (x86)/atmel/studio/7.0/toolchain/avr8/avr8-gnu-toolchain/bin/../lib/gcc/avr/5.4.0/../../../../avr/lib/avr5\libc.a(malloc.o)
                              c:/program files (x86)/atmel/studio/7.0/toolchain/avr8/avr8-gnu-toolchain/bin/../lib/gcc/avr/5.4.0/../../../../avr/lib/avr5\libc.a(calloc.o) (malloc)
c:/program files (x86)/atmel/studio/7.0/toolchain/avr8/avr8-gnu-toolchain/bin/../lib/gcc/avr/5.4.0/../../../../avr/lib/avr5\libc.a(strnlen_P.o)
                              c:/program files (x86)/atmel/studio/7.0/toolchain/avr8/avr8-gnu-toolchain/bin/../lib/gcc/avr/5.4.0/../../../../avr/lib/avr5\libc.a(vfprintf_std.o) (strnlen_P)
c:/program files (x86)/atmel/studio/7.0/toolchain/avr8/avr8-gnu-toolchain/bin/../lib/gcc/avr/5.4.0/../../../../avr/lib/avr5\libc.a(memset.o)
                              c:/program files (x86)/atmel/studio/7.0/toolchain/avr8/avr8-gnu-toolchain/bin/../lib/gcc/avr/5.4.0/../../../../avr/lib/avr5\libc.a(calloc.o) (memset)
c:/program files (x86)/atmel/studio/7.0/toolchain/avr8/avr8-gnu-toolchain/bin/../lib/gcc/avr/5.4.0/../../../../avr/lib/avr5\libc.a(strnlen.o)
                              c:/program files (x86)/atmel/studio/7.0/toolchain/avr8/avr8-gnu-toolchain/bin/../lib/gcc/avr/5.4.0/../../../../avr/lib/avr5\libc.a(vfprintf_std.o) (strnlen)
c:/program files (x86)/atmel/studio/7.0/toolchain/avr8/avr8-gnu-toolchain/bin/../lib/gcc/avr/5.4.0/../../../../avr/lib/avr5\libc.a(fputc.o)
                              c:/program files (x86)/atmel/studio/7.0/toolchain/avr8/avr8-gnu-toolchain/bin/../lib/gcc/avr/5.4.0/../../../../avr/lib/avr5\libc.a(vfprintf_std.o) (fputc)
c:/program files (x86)/atmel/studio/7.0/toolchain/avr8/avr8-gnu-toolchain/bin/../lib/gcc/avr/5.4.0/../../../../avr/lib/avr5\libc.a(ultoa_invert.o)
                              c:/program files (x86)/atmel/studio/7.0/toolchain/avr8/avr8-gnu-toolchain/bin/../lib/gcc/avr/5.4.0/../../../../avr/lib/avr5\libc.a(vfprintf_std.o) (__ultoa_invert)
c:/program files (x86)/atmel/studio/7.0/toolchain/avr8/avr8-gnu-toolchain/bin/../lib/gcc/avr/5.4.0/avr5\libgcc.a(_prologue.o)
                              c:/program files (x86)/atmel/studio/7.0/toolchain/avr8/avr8-gnu-toolchain/bin/../lib/gcc/avr/5.4.0/../../../../avr/lib/avr5\libc.a(printf.o) (__prologue_saves__)
c:/program files (x86)/atmel/studio/7.0/toolchain/avr8/avr8-gnu-toolchain/bin/../lib/gcc/avr/5.4.0/avr5\libgcc.a(_epilogue.o)
                              c:/program files (x86)/atmel/studio/7.0/toolchain/avr8/avr8-gnu-toolchain/bin/../lib/gcc/avr/5.4.0/../../../../avr/lib/avr5\libc.a(printf.o) (__epilogue_restores__)

Allocating common symbols
Common symbol       size              file

list_highscore      0x14              sources/game.o
current_menu        0x2               sources/usercontrol.o
__brkval            0x2               c:/program files (x86)/atmel/studio/7.0/toolchain/avr8/avr8-gnu-toolchain/bin/../lib/gcc/avr/5.4.0/../../../../avr/lib/avr5\libc.a(malloc.o)
start_game          0xa               sources/game.o
usart               0x2               sources/usart.o
current_child       0x2               sources/usercontrol.o
__flp               0x2               c:/program files (x86)/atmel/studio/7.0/toolchain/avr8/avr8-gnu-toolchain/bin/../lib/gcc/avr/5.4.0/../../../../avr/lib/avr5\libc.a(malloc.o)
name                0x3               sources/game.o
__iob               0x6               c:/program files (x86)/atmel/studio/7.0/toolchain/avr8/avr8-gnu-toolchain/bin/../lib/gcc/avr/5.4.0/../../../../avr/lib/avr5\libc.a(iob.o)

Discarded input sections

 .data          0x00000000        0x0 c:/program files (x86)/atmel/studio/7.0/toolchain/avr8/avr8-gnu-toolchain/bin/../lib/gcc/avr/5.4.0/../../../../avr/lib/avr5/crtatmega162.o
 .bss           0x00000000        0x0 c:/program files (x86)/atmel/studio/7.0/toolchain/avr8/avr8-gnu-toolchain/bin/../lib/gcc/avr/5.4.0/../../../../avr/lib/avr5/crtatmega162.o
 .text          0x00000000        0x0 main.o
 .data          0x00000000        0x0 main.o
 .bss           0x00000000        0x0 main.o
 .bss.program_counter
                0x00000000        0x1 main.o
 .text          0x00000000        0x0 sources/adc.o
 .data          0x00000000        0x0 sources/adc.o
 .bss           0x00000000        0x0 sources/adc.o
 .text          0x00000000        0x0 sources/asciitable.o
 .data          0x00000000        0x0 sources/asciitable.o
 .bss           0x00000000        0x0 sources/asciitable.o
 .text.Ascii_to_Bitmap_Custom
                0x00000000       0x22 sources/asciitable.o
 .text.Ascii_to_Bitmap_Font4
                0x00000000       0x22 sources/asciitable.o
 .text.Ascii_to_Bitmap_Font5
                0x00000000       0x2e sources/asciitable.o
 .progmem.data.custom
                0x00000000       0x10 sources/asciitable.o
 .progmem.data.font4
                0x00000000      0x17c sources/asciitable.o
 .progmem.data.font5
                0x00000000      0x1db sources/asciitable.o
 .text          0x00000000        0x0 sources/can.o
 .data          0x00000000        0x0 sources/can.o
 .bss           0x00000000        0x0 sources/can.o
 .text          0x00000000        0x0 sources/ext_mem.o
 .data          0x00000000        0x0 sources/ext_mem.o
 .bss           0x00000000        0x0 sources/ext_mem.o
 .text          0x00000000        0x0 sources/game.o
 .data          0x00000000        0x0 sources/game.o
 .bss           0x00000000        0x0 sources/game.o
 .text.Get_Highscore_Name
                0x00000000        0x2 sources/game.o
 .text          0x00000000        0x0 sources/MCP2515.o
 .data          0x00000000        0x0 sources/MCP2515.o
 .bss           0x00000000        0x0 sources/MCP2515.o
 .text          0x00000000        0x0 sources/oled.o
 .data          0x00000000        0x0 sources/oled.o
 .bss           0x00000000        0x0 sources/oled.o
 .text.Oled_Command_Write
                0x00000000        0x6 sources/oled.o
 .text.Oled_Pos
                0x00000000        0x6 sources/oled.o
 .text.Oled_Goto_Line
                0x00000000        0x6 sources/oled.o
 .text.Oled_Home
                0x00000000        0x6 sources/oled.o
 .text.Oled_Set_Brightness
                0x00000000        0xc sources/oled.o
 .text.Oled_Print_Custom
                0x00000000       0x70 sources/oled.o
 .text          0x00000000        0x0 sources/spi.o
 .data          0x00000000        0x0 sources/spi.o
 .bss           0x00000000        0x0 sources/spi.o
 .text          0x00000000        0x0 sources/timer.o
 .data          0x00000000        0x0 sources/timer.o
 .bss           0x00000000        0x0 sources/timer.o
 .text.Timer_1_on
                0x00000000        0xe sources/timer.o
 .text.Timer_1_off
                0x00000000        0x8 sources/timer.o
 .text.Timer_1_Set_Top
                0x00000000       0x2e sources/timer.o
 .text.Timer_3_Set_Top
                0x00000000       0x2e sources/timer.o
 .text          0x00000000        0x0 sources/usart.o
 .data          0x00000000        0x0 sources/usart.o
 .bss           0x00000000        0x0 sources/usart.o
 .text          0x00000000        0x0 sources/usercontrol.o
 .data          0x00000000        0x0 sources/usercontrol.o
 .bss           0x00000000        0x0 sources/usercontrol.o
 .text.select_pos
                0x00000000       0x14 sources/usercontrol.o
 .text.get_name
                0x00000000        0x2 sources/usercontrol.o
 .text.read_button
                0x00000000       0x10 sources/usercontrol.o
 .bss.current_letter_y
                0x00000000        0x1 sources/usercontrol.o
 .data.select_name
                0x00000000       0x12 sources/usercontrol.o
 .text          0x00000000        0x0 c:/program files (x86)/atmel/studio/7.0/toolchain/avr8/avr8-gnu-toolchain/bin/../lib/gcc/avr/5.4.0/avr5\libgcc.a(_divmodhi4.o)
 .data          0x00000000        0x0 c:/program files (x86)/atmel/studio/7.0/toolchain/avr8/avr8-gnu-toolchain/bin/../lib/gcc/avr/5.4.0/avr5\libgcc.a(_divmodhi4.o)
 .bss           0x00000000        0x0 c:/program files (x86)/atmel/studio/7.0/toolchain/avr8/avr8-gnu-toolchain/bin/../lib/gcc/avr/5.4.0/avr5\libgcc.a(_divmodhi4.o)
 .text.libgcc.mul
                0x00000000        0x0 c:/program files (x86)/atmel/studio/7.0/toolchain/avr8/avr8-gnu-toolchain/bin/../lib/gcc/avr/5.4.0/avr5\libgcc.a(_divmodhi4.o)
 .text.libgcc   0x00000000        0x0 c:/program files (x86)/atmel/studio/7.0/toolchain/avr8/avr8-gnu-toolchain/bin/../lib/gcc/avr/5.4.0/avr5\libgcc.a(_divmodhi4.o)
 .text.libgcc.prologue
                0x00000000        0x0 c:/program files (x86)/atmel/studio/7.0/toolchain/avr8/avr8-gnu-toolchain/bin/../lib/gcc/avr/5.4.0/avr5\libgcc.a(_divmodhi4.o)
 .text.libgcc.builtins
                0x00000000        0x0 c:/program files (x86)/atmel/studio/7.0/toolchain/avr8/avr8-gnu-toolchain/bin/../lib/gcc/avr/5.4.0/avr5\libgcc.a(_divmodhi4.o)
 .text.libgcc.fmul
                0x00000000        0x0 c:/program files (x86)/atmel/studio/7.0/toolchain/avr8/avr8-gnu-toolchain/bin/../lib/gcc/avr/5.4.0/avr5\libgcc.a(_divmodhi4.o)
 .text.libgcc.fixed
                0x00000000        0x0 c:/program files (x86)/atmel/studio/7.0/toolchain/avr8/avr8-gnu-toolchain/bin/../lib/gcc/avr/5.4.0/avr5\libgcc.a(_divmodhi4.o)
 .text          0x00000000        0x0 c:/program files (x86)/atmel/studio/7.0/toolchain/avr8/avr8-gnu-toolchain/bin/../lib/gcc/avr/5.4.0/avr5\libgcc.a(_exit.o)
 .data          0x00000000        0x0 c:/program files (x86)/atmel/studio/7.0/toolchain/avr8/avr8-gnu-toolchain/bin/../lib/gcc/avr/5.4.0/avr5\libgcc.a(_exit.o)
 .bss           0x00000000        0x0 c:/program files (x86)/atmel/studio/7.0/toolchain/avr8/avr8-gnu-toolchain/bin/../lib/gcc/avr/5.4.0/avr5\libgcc.a(_exit.o)
 .text.libgcc.mul
                0x00000000        0x0 c:/program files (x86)/atmel/studio/7.0/toolchain/avr8/avr8-gnu-toolchain/bin/../lib/gcc/avr/5.4.0/avr5\libgcc.a(_exit.o)
 .text.libgcc.div
                0x00000000        0x0 c:/program files (x86)/atmel/studio/7.0/toolchain/avr8/avr8-gnu-toolchain/bin/../lib/gcc/avr/5.4.0/avr5\libgcc.a(_exit.o)
 .text.libgcc   0x00000000        0x0 c:/program files (x86)/atmel/studio/7.0/toolchain/avr8/avr8-gnu-toolchain/bin/../lib/gcc/avr/5.4.0/avr5\libgcc.a(_exit.o)
 .text.libgcc.prologue
                0x00000000        0x0 c:/program files (x86)/atmel/studio/7.0/toolchain/avr8/avr8-gnu-toolchain/bin/../lib/gcc/avr/5.4.0/avr5\libgcc.a(_exit.o)
 .text.libgcc.builtins
                0x00000000        0x0 c:/program files (x86)/atmel/studio/7.0/toolchain/avr8/avr8-gnu-toolchain/bin/../lib/gcc/avr/5.4.0/avr5\libgcc.a(_exit.o)
 .text.libgcc.fmul
                0x00000000        0x0 c:/program files (x86)/atmel/studio/7.0/toolchain/avr8/avr8-gnu-toolchain/bin/../lib/gcc/avr/5.4.0/avr5\libgcc.a(_exit.o)
 .text.libgcc.fixed
                0x00000000        0x0 c:/program files (x86)/atmel/studio/7.0/toolchain/avr8/avr8-gnu-toolchain/bin/../lib/gcc/avr/5.4.0/avr5\libgcc.a(_exit.o)
 .text          0x00000000        0x0 c:/program files (x86)/atmel/studio/7.0/toolchain/avr8/avr8-gnu-toolchain/bin/../lib/gcc/avr/5.4.0/avr5\libgcc.a(_tablejump2.o)
 .data          0x00000000        0x0 c:/program files (x86)/atmel/studio/7.0/toolchain/avr8/avr8-gnu-toolchain/bin/../lib/gcc/avr/5.4.0/avr5\libgcc.a(_tablejump2.o)
 .bss           0x00000000        0x0 c:/program files (x86)/atmel/studio/7.0/toolchain/avr8/avr8-gnu-toolchain/bin/../lib/gcc/avr/5.4.0/avr5\libgcc.a(_tablejump2.o)
 .text.libgcc.mul
                0x00000000        0x0 c:/program files (x86)/atmel/studio/7.0/toolchain/avr8/avr8-gnu-toolchain/bin/../lib/gcc/avr/5.4.0/avr5\libgcc.a(_tablejump2.o)
 .text.libgcc.div
                0x00000000        0x0 c:/program files (x86)/atmel/studio/7.0/toolchain/avr8/avr8-gnu-toolchain/bin/../lib/gcc/avr/5.4.0/avr5\libgcc.a(_tablejump2.o)
 .text.libgcc.prologue
                0x00000000        0x0 c:/program files (x86)/atmel/studio/7.0/toolchain/avr8/avr8-gnu-toolchain/bin/../lib/gcc/avr/5.4.0/avr5\libgcc.a(_tablejump2.o)
 .text.libgcc.builtins
                0x00000000        0x0 c:/program files (x86)/atmel/studio/7.0/toolchain/avr8/avr8-gnu-toolchain/bin/../lib/gcc/avr/5.4.0/avr5\libgcc.a(_tablejump2.o)
 .text.libgcc.fmul
                0x00000000        0x0 c:/program files (x86)/atmel/studio/7.0/toolchain/avr8/avr8-gnu-toolchain/bin/../lib/gcc/avr/5.4.0/avr5\libgcc.a(_tablejump2.o)
 .text.libgcc.fixed
                0x00000000        0x0 c:/program files (x86)/atmel/studio/7.0/toolchain/avr8/avr8-gnu-toolchain/bin/../lib/gcc/avr/5.4.0/avr5\libgcc.a(_tablejump2.o)
 .text          0x00000000        0x0 c:/program files (x86)/atmel/studio/7.0/toolchain/avr8/avr8-gnu-toolchain/bin/../lib/gcc/avr/5.4.0/avr5\libgcc.a(_copy_data.o)
 .data          0x00000000        0x0 c:/program files (x86)/atmel/studio/7.0/toolchain/avr8/avr8-gnu-toolchain/bin/../lib/gcc/avr/5.4.0/avr5\libgcc.a(_copy_data.o)
 .bss           0x00000000        0x0 c:/program files (x86)/atmel/studio/7.0/toolchain/avr8/avr8-gnu-toolchain/bin/../lib/gcc/avr/5.4.0/avr5\libgcc.a(_copy_data.o)
 .text.libgcc.mul
                0x00000000        0x0 c:/program files (x86)/atmel/studio/7.0/toolchain/avr8/avr8-gnu-toolchain/bin/../lib/gcc/avr/5.4.0/avr5\libgcc.a(_copy_data.o)
 .text.libgcc.div
                0x00000000        0x0 c:/program files (x86)/atmel/studio/7.0/toolchain/avr8/avr8-gnu-toolchain/bin/../lib/gcc/avr/5.4.0/avr5\libgcc.a(_copy_data.o)
 .text.libgcc   0x00000000        0x0 c:/program files (x86)/atmel/studio/7.0/toolchain/avr8/avr8-gnu-toolchain/bin/../lib/gcc/avr/5.4.0/avr5\libgcc.a(_copy_data.o)
 .text.libgcc.prologue
                0x00000000        0x0 c:/program files (x86)/atmel/studio/7.0/toolchain/avr8/avr8-gnu-toolchain/bin/../lib/gcc/avr/5.4.0/avr5\libgcc.a(_copy_data.o)
 .text.libgcc.builtins
                0x00000000        0x0 c:/program files (x86)/atmel/studio/7.0/toolchain/avr8/avr8-gnu-toolchain/bin/../lib/gcc/avr/5.4.0/avr5\libgcc.a(_copy_data.o)
 .text.libgcc.fmul
                0x00000000        0x0 c:/program files (x86)/atmel/studio/7.0/toolchain/avr8/avr8-gnu-toolchain/bin/../lib/gcc/avr/5.4.0/avr5\libgcc.a(_copy_data.o)
 .text.libgcc.fixed
                0x00000000        0x0 c:/program files (x86)/atmel/studio/7.0/toolchain/avr8/avr8-gnu-toolchain/bin/../lib/gcc/avr/5.4.0/avr5\libgcc.a(_copy_data.o)
 .text          0x00000000        0x0 c:/program files (x86)/atmel/studio/7.0/toolchain/avr8/avr8-gnu-toolchain/bin/../lib/gcc/avr/5.4.0/avr5\libgcc.a(_clear_bss.o)
 .data          0x00000000        0x0 c:/program files (x86)/atmel/studio/7.0/toolchain/avr8/avr8-gnu-toolchain/bin/../lib/gcc/avr/5.4.0/avr5\libgcc.a(_clear_bss.o)
 .bss           0x00000000        0x0 c:/program files (x86)/atmel/studio/7.0/toolchain/avr8/avr8-gnu-toolchain/bin/../lib/gcc/avr/5.4.0/avr5\libgcc.a(_clear_bss.o)
 .text.libgcc.mul
                0x00000000        0x0 c:/program files (x86)/atmel/studio/7.0/toolchain/avr8/avr8-gnu-toolchain/bin/../lib/gcc/avr/5.4.0/avr5\libgcc.a(_clear_bss.o)
 .text.libgcc.div
                0x00000000        0x0 c:/program files (x86)/atmel/studio/7.0/toolchain/avr8/avr8-gnu-toolchain/bin/../lib/gcc/avr/5.4.0/avr5\libgcc.a(_clear_bss.o)
 .text.libgcc   0x00000000        0x0 c:/program files (x86)/atmel/studio/7.0/toolchain/avr8/avr8-gnu-toolchain/bin/../lib/gcc/avr/5.4.0/avr5\libgcc.a(_clear_bss.o)
 .text.libgcc.prologue
                0x00000000        0x0 c:/program files (x86)/atmel/studio/7.0/toolchain/avr8/avr8-gnu-toolchain/bin/../lib/gcc/avr/5.4.0/avr5\libgcc.a(_clear_bss.o)
 .text.libgcc.builtins
                0x00000000        0x0 c:/program files (x86)/atmel/studio/7.0/toolchain/avr8/avr8-gnu-toolchain/bin/../lib/gcc/avr/5.4.0/avr5\libgcc.a(_clear_bss.o)
 .text.libgcc.fmul
                0x00000000        0x0 c:/program files (x86)/atmel/studio/7.0/toolchain/avr8/avr8-gnu-toolchain/bin/../lib/gcc/avr/5.4.0/avr5\libgcc.a(_clear_bss.o)
 .text.libgcc.fixed
                0x00000000        0x0 c:/program files (x86)/atmel/studio/7.0/toolchain/avr8/avr8-gnu-toolchain/bin/../lib/gcc/avr/5.4.0/avr5\libgcc.a(_clear_bss.o)
 .text          0x00000000        0x0 c:/program files (x86)/atmel/studio/7.0/toolchain/avr8/avr8-gnu-toolchain/bin/../lib/gcc/avr/5.4.0/avr5\libgcc.a(_udivmodhi4.o)
 .data          0x00000000        0x0 c:/program files (x86)/atmel/studio/7.0/toolchain/avr8/avr8-gnu-toolchain/bin/../lib/gcc/avr/5.4.0/avr5\libgcc.a(_udivmodhi4.o)
 .bss           0x00000000        0x0 c:/program files (x86)/atmel/studio/7.0/toolchain/avr8/avr8-gnu-toolchain/bin/../lib/gcc/avr/5.4.0/avr5\libgcc.a(_udivmodhi4.o)
 .text.libgcc.mul
                0x00000000        0x0 c:/program files (x86)/atmel/studio/7.0/toolchain/avr8/avr8-gnu-toolchain/bin/../lib/gcc/avr/5.4.0/avr5\libgcc.a(_udivmodhi4.o)
 .text.libgcc   0x00000000        0x0 c:/program files (x86)/atmel/studio/7.0/toolchain/avr8/avr8-gnu-toolchain/bin/../lib/gcc/avr/5.4.0/avr5\libgcc.a(_udivmodhi4.o)
 .text.libgcc.prologue
                0x00000000        0x0 c:/program files (x86)/atmel/studio/7.0/toolchain/avr8/avr8-gnu-toolchain/bin/../lib/gcc/avr/5.4.0/avr5\libgcc.a(_udivmodhi4.o)
 .text.libgcc.builtins
                0x00000000        0x0 c:/program files (x86)/atmel/studio/7.0/toolchain/avr8/avr8-gnu-toolchain/bin/../lib/gcc/avr/5.4.0/avr5\libgcc.a(_udivmodhi4.o)
 .text.libgcc.fmul
                0x00000000        0x0 c:/program files (x86)/atmel/studio/7.0/toolchain/avr8/avr8-gnu-toolchain/bin/../lib/gcc/avr/5.4.0/avr5\libgcc.a(_udivmodhi4.o)
 .text.libgcc.fixed
                0x00000000        0x0 c:/program files (x86)/atmel/studio/7.0/toolchain/avr8/avr8-gnu-toolchain/bin/../lib/gcc/avr/5.4.0/avr5\libgcc.a(_udivmodhi4.o)
 .text          0x00000000        0x0 c:/program files (x86)/atmel/studio/7.0/toolchain/avr8/avr8-gnu-toolchain/bin/../lib/gcc/avr/5.4.0/../../../../avr/lib/avr5\libc.a(fdevopen.o)
 .data          0x00000000        0x0 c:/program files (x86)/atmel/studio/7.0/toolchain/avr8/avr8-gnu-toolchain/bin/../lib/gcc/avr/5.4.0/../../../../avr/lib/avr5\libc.a(fdevopen.o)
 .bss           0x00000000        0x0 c:/program files (x86)/atmel/studio/7.0/toolchain/avr8/avr8-gnu-toolchain/bin/../lib/gcc/avr/5.4.0/../../../../avr/lib/avr5\libc.a(fdevopen.o)
 .text          0x00000000        0x0 c:/program files (x86)/atmel/studio/7.0/toolchain/avr8/avr8-gnu-toolchain/bin/../lib/gcc/avr/5.4.0/../../../../avr/lib/avr5\libc.a(iob.o)
 .data          0x00000000        0x0 c:/program files (x86)/atmel/studio/7.0/toolchain/avr8/avr8-gnu-toolchain/bin/../lib/gcc/avr/5.4.0/../../../../avr/lib/avr5\libc.a(iob.o)
 .bss           0x00000000        0x0 c:/program files (x86)/atmel/studio/7.0/toolchain/avr8/avr8-gnu-toolchain/bin/../lib/gcc/avr/5.4.0/../../../../avr/lib/avr5\libc.a(iob.o)
 .text          0x00000000        0x0 c:/program files (x86)/atmel/studio/7.0/toolchain/avr8/avr8-gnu-toolchain/bin/../lib/gcc/avr/5.4.0/../../../../avr/lib/avr5\libc.a(printf.o)
 .data          0x00000000        0x0 c:/program files (x86)/atmel/studio/7.0/toolchain/avr8/avr8-gnu-toolchain/bin/../lib/gcc/avr/5.4.0/../../../../avr/lib/avr5\libc.a(printf.o)
 .bss           0x00000000        0x0 c:/program files (x86)/atmel/studio/7.0/toolchain/avr8/avr8-gnu-toolchain/bin/../lib/gcc/avr/5.4.0/../../../../avr/lib/avr5\libc.a(printf.o)
 .text          0x00000000        0x0 c:/program files (x86)/atmel/studio/7.0/toolchain/avr8/avr8-gnu-toolchain/bin/../lib/gcc/avr/5.4.0/../../../../avr/lib/avr5\libc.a(sprintf.o)
 .data          0x00000000        0x0 c:/program files (x86)/atmel/studio/7.0/toolchain/avr8/avr8-gnu-toolchain/bin/../lib/gcc/avr/5.4.0/../../../../avr/lib/avr5\libc.a(sprintf.o)
 .bss           0x00000000        0x0 c:/program files (x86)/atmel/studio/7.0/toolchain/avr8/avr8-gnu-toolchain/bin/../lib/gcc/avr/5.4.0/../../../../avr/lib/avr5\libc.a(sprintf.o)
 .text          0x00000000        0x0 c:/program files (x86)/atmel/studio/7.0/toolchain/avr8/avr8-gnu-toolchain/bin/../lib/gcc/avr/5.4.0/../../../../avr/lib/avr5\libc.a(vfprintf_std.o)
 .data          0x00000000        0x0 c:/program files (x86)/atmel/studio/7.0/toolchain/avr8/avr8-gnu-toolchain/bin/../lib/gcc/avr/5.4.0/../../../../avr/lib/avr5\libc.a(vfprintf_std.o)
 .bss           0x00000000        0x0 c:/program files (x86)/atmel/studio/7.0/toolchain/avr8/avr8-gnu-toolchain/bin/../lib/gcc/avr/5.4.0/../../../../avr/lib/avr5\libc.a(vfprintf_std.o)
 .text          0x00000000        0x0 c:/program files (x86)/atmel/studio/7.0/toolchain/avr8/avr8-gnu-toolchain/bin/../lib/gcc/avr/5.4.0/../../../../avr/lib/avr5\libc.a(calloc.o)
 .data          0x00000000        0x0 c:/program files (x86)/atmel/studio/7.0/toolchain/avr8/avr8-gnu-toolchain/bin/../lib/gcc/avr/5.4.0/../../../../avr/lib/avr5\libc.a(calloc.o)
 .bss           0x00000000        0x0 c:/program files (x86)/atmel/studio/7.0/toolchain/avr8/avr8-gnu-toolchain/bin/../lib/gcc/avr/5.4.0/../../../../avr/lib/avr5\libc.a(calloc.o)
 .text          0x00000000        0x0 c:/program files (x86)/atmel/studio/7.0/toolchain/avr8/avr8-gnu-toolchain/bin/../lib/gcc/avr/5.4.0/../../../../avr/lib/avr5\libc.a(malloc.o)
 .bss           0x00000000        0x0 c:/program files (x86)/atmel/studio/7.0/toolchain/avr8/avr8-gnu-toolchain/bin/../lib/gcc/avr/5.4.0/../../../../avr/lib/avr5\libc.a(malloc.o)
 .text          0x00000000        0x0 c:/program files (x86)/atmel/studio/7.0/toolchain/avr8/avr8-gnu-toolchain/bin/../lib/gcc/avr/5.4.0/../../../../avr/lib/avr5\libc.a(strnlen_P.o)
 .data          0x00000000        0x0 c:/program files (x86)/atmel/studio/7.0/toolchain/avr8/avr8-gnu-toolchain/bin/../lib/gcc/avr/5.4.0/../../../../avr/lib/avr5\libc.a(strnlen_P.o)
 .bss           0x00000000        0x0 c:/program files (x86)/atmel/studio/7.0/toolchain/avr8/avr8-gnu-toolchain/bin/../lib/gcc/avr/5.4.0/../../../../avr/lib/avr5\libc.a(strnlen_P.o)
 .text          0x00000000        0x0 c:/program files (x86)/atmel/studio/7.0/toolchain/avr8/avr8-gnu-toolchain/bin/../lib/gcc/avr/5.4.0/../../../../avr/lib/avr5\libc.a(memset.o)
 .data          0x00000000        0x0 c:/program files (x86)/atmel/studio/7.0/toolchain/avr8/avr8-gnu-toolchain/bin/../lib/gcc/avr/5.4.0/../../../../avr/lib/avr5\libc.a(memset.o)
 .bss           0x00000000        0x0 c:/program files (x86)/atmel/studio/7.0/toolchain/avr8/avr8-gnu-toolchain/bin/../lib/gcc/avr/5.4.0/../../../../avr/lib/avr5\libc.a(memset.o)
 .text          0x00000000        0x0 c:/program files (x86)/atmel/studio/7.0/toolchain/avr8/avr8-gnu-toolchain/bin/../lib/gcc/avr/5.4.0/../../../../avr/lib/avr5\libc.a(strnlen.o)
 .data          0x00000000        0x0 c:/program files (x86)/atmel/studio/7.0/toolchain/avr8/avr8-gnu-toolchain/bin/../lib/gcc/avr/5.4.0/../../../../avr/lib/avr5\libc.a(strnlen.o)
 .bss           0x00000000        0x0 c:/program files (x86)/atmel/studio/7.0/toolchain/avr8/avr8-gnu-toolchain/bin/../lib/gcc/avr/5.4.0/../../../../avr/lib/avr5\libc.a(strnlen.o)
 .text          0x00000000        0x0 c:/program files (x86)/atmel/studio/7.0/toolchain/avr8/avr8-gnu-toolchain/bin/../lib/gcc/avr/5.4.0/../../../../avr/lib/avr5\libc.a(fputc.o)
 .data          0x00000000        0x0 c:/program files (x86)/atmel/studio/7.0/toolchain/avr8/avr8-gnu-toolchain/bin/../lib/gcc/avr/5.4.0/../../../../avr/lib/avr5\libc.a(fputc.o)
 .bss           0x00000000        0x0 c:/program files (x86)/atmel/studio/7.0/toolchain/avr8/avr8-gnu-toolchain/bin/../lib/gcc/avr/5.4.0/../../../../avr/lib/avr5\libc.a(fputc.o)
 .text          0x00000000        0x0 c:/program files (x86)/atmel/studio/7.0/toolchain/avr8/avr8-gnu-toolchain/bin/../lib/gcc/avr/5.4.0/../../../../avr/lib/avr5\libc.a(ultoa_invert.o)
 .data          0x00000000        0x0 c:/program files (x86)/atmel/studio/7.0/toolchain/avr8/avr8-gnu-toolchain/bin/../lib/gcc/avr/5.4.0/../../../../avr/lib/avr5\libc.a(ultoa_invert.o)
 .bss           0x00000000        0x0 c:/program files (x86)/atmel/studio/7.0/toolchain/avr8/avr8-gnu-toolchain/bin/../lib/gcc/avr/5.4.0/../../../../avr/lib/avr5\libc.a(ultoa_invert.o)
 .text          0x00000000        0x0 c:/program files (x86)/atmel/studio/7.0/toolchain/avr8/avr8-gnu-toolchain/bin/../lib/gcc/avr/5.4.0/avr5\libgcc.a(_prologue.o)
 .data          0x00000000        0x0 c:/program files (x86)/atmel/studio/7.0/toolchain/avr8/avr8-gnu-toolchain/bin/../lib/gcc/avr/5.4.0/avr5\libgcc.a(_prologue.o)
 .bss           0x00000000        0x0 c:/program files (x86)/atmel/studio/7.0/toolchain/avr8/avr8-gnu-toolchain/bin/../lib/gcc/avr/5.4.0/avr5\libgcc.a(_prologue.o)
 .text.libgcc.mul
                0x00000000        0x0 c:/program files (x86)/atmel/studio/7.0/toolchain/avr8/avr8-gnu-toolchain/bin/../lib/gcc/avr/5.4.0/avr5\libgcc.a(_prologue.o)
 .text.libgcc.div
                0x00000000        0x0 c:/program files (x86)/atmel/studio/7.0/toolchain/avr8/avr8-gnu-toolchain/bin/../lib/gcc/avr/5.4.0/avr5\libgcc.a(_prologue.o)
 .text.libgcc   0x00000000        0x0 c:/program files (x86)/atmel/studio/7.0/toolchain/avr8/avr8-gnu-toolchain/bin/../lib/gcc/avr/5.4.0/avr5\libgcc.a(_prologue.o)
 .text.libgcc.builtins
                0x00000000        0x0 c:/program files (x86)/atmel/studio/7.0/toolchain/avr8/avr8-gnu-toolchain/bin/../lib/gcc/avr/5.4.0/avr5\libgcc.a(_prologue.o)
 .text.libgcc.fmul
                0x00000000        0x0 c:/program files (x86)/atmel/studio/7.0/toolchain/avr8/avr8-gnu-toolchain/bin/../lib/gcc/avr/5.4.0/avr5\libgcc.a(_prologue.o)
 .text.libgcc.fixed
                0x00000000        0x0 c:/program files (x86)/atmel/studio/7.0/toolchain/avr8/avr8-gnu-toolchain/bin/../lib/gcc/avr/5.4.0/avr5\libgcc.a(_prologue.o)
 .text          0x00000000        0x0 c:/program files (x86)/atmel/studio/7.0/toolchain/avr8/avr8-gnu-toolchain/bin/../lib/gcc/avr/5.4.0/avr5\libgcc.a(_epilogue.o)
 .data          0x00000000        0x0 c:/program files (x86)/atmel/studio/7.0/toolchain/avr8/avr8-gnu-toolchain/bin/../lib/gcc/avr/5.4.0/avr5\libgcc.a(_epilogue.o)
 .bss           0x00000000        0x0 c:/program files (x86)/atmel/studio/7.0/toolchain/avr8/avr8-gnu-toolchain/bin/../lib/gcc/avr/5.4.0/avr5\libgcc.a(_epilogue.o)
 .text.libgcc.mul
                0x00000000        0x0 c:/program files (x86)/atmel/studio/7.0/toolchain/avr8/avr8-gnu-toolchain/bin/../lib/gcc/avr/5.4.0/avr5\libgcc.a(_epilogue.o)
 .text.libgcc.div
                0x00000000        0x0 c:/program files (x86)/atmel/studio/7.0/toolchain/avr8/avr8-gnu-toolchain/bin/../lib/gcc/avr/5.4.0/avr5\libgcc.a(_epilogue.o)
 .text.libgcc   0x00000000        0x0 c:/program files (x86)/atmel/studio/7.0/toolchain/avr8/avr8-gnu-toolchain/bin/../lib/gcc/avr/5.4.0/avr5\libgcc.a(_epilogue.o)
 .text.libgcc.builtins
                0x00000000        0x0 c:/program files (x86)/atmel/studio/7.0/toolchain/avr8/avr8-gnu-toolchain/bin/../lib/gcc/avr/5.4.0/avr5\libgcc.a(_epilogue.o)
 .text.libgcc.fmul
                0x00000000        0x0 c:/program files (x86)/atmel/studio/7.0/toolchain/avr8/avr8-gnu-toolchain/bin/../lib/gcc/avr/5.4.0/avr5\libgcc.a(_epilogue.o)
 .text.libgcc.fixed
                0x00000000        0x0 c:/program files (x86)/atmel/studio/7.0/toolchain/avr8/avr8-gnu-toolchain/bin/../lib/gcc/avr/5.4.0/avr5\libgcc.a(_epilogue.o)

Memory Configuration

Name             Origin             Length             Attributes
text             0x00000000         0x00004000         xr
data             0x00800100         0x00000400         rw !x
eeprom           0x00810000         0x00000200         rw !x
fuse             0x00820000         0x00000003         rw !x
lock             0x00830000         0x00000400         rw !x
signature        0x00840000         0x00000400         rw !x
user_signatures  0x00850000         0x00000400         rw !x
*default*        0x00000000         0xffffffff

Linker script and memory map

Address of section .data set to 0x800100
LOAD c:/program files (x86)/atmel/studio/7.0/toolchain/avr8/avr8-gnu-toolchain/bin/../lib/gcc/avr/5.4.0/../../../../avr/lib/avr5/crtatmega162.o
LOAD main.o
LOAD sources/adc.o
LOAD sources/asciitable.o
LOAD sources/can.o
LOAD sources/ext_mem.o
LOAD sources/game.o
LOAD sources/MCP2515.o
LOAD sources/oled.o
LOAD sources/spi.o
LOAD sources/timer.o
LOAD sources/usart.o
LOAD sources/usercontrol.o
START GROUP
LOAD c:/program files (x86)/atmel/studio/7.0/toolchain/avr8/avr8-gnu-toolchain/bin/../lib/gcc/avr/5.4.0/../../../../avr/lib/avr5\libm.a
END GROUP
START GROUP
LOAD c:/program files (x86)/atmel/studio/7.0/toolchain/avr8/avr8-gnu-toolchain/bin/../lib/gcc/avr/5.4.0/avr5\libgcc.a
LOAD c:/program files (x86)/atmel/studio/7.0/toolchain/avr8/avr8-gnu-toolchain/bin/../lib/gcc/avr/5.4.0/../../../../avr/lib/avr5\libm.a
LOAD c:/program files (x86)/atmel/studio/7.0/toolchain/avr8/avr8-gnu-toolchain/bin/../lib/gcc/avr/5.4.0/../../../../avr/lib/avr5\libc.a
LOAD c:/program files (x86)/atmel/studio/7.0/toolchain/avr8/avr8-gnu-toolchain/bin/../lib/gcc/avr/5.4.0/../../../../avr/lib/avr5\libatmega162.a
END GROUP
                0x00000000                __TEXT_REGION_ORIGIN__ = DEFINED (__TEXT_REGION_ORIGIN__)?__TEXT_REGION_ORIGIN__:0x0
                [0x00800100]                __DATA_REGION_ORIGIN__ = DEFINED (__DATA_REGION_ORIGIN__)?__DATA_REGION_ORIGIN__:0x800060
                [0x00004000]                __TEXT_REGION_LENGTH__ = DEFINED (__TEXT_REGION_LENGTH__)?__TEXT_REGION_LENGTH__:0x20000
                [0x00000400]                __DATA_REGION_LENGTH__ = DEFINED (__DATA_REGION_LENGTH__)?__DATA_REGION_LENGTH__:0xffa0
                [0x00000200]                __EEPROM_REGION_LENGTH__ = DEFINED (__EEPROM_REGION_LENGTH__)?__EEPROM_REGION_LENGTH__:0x10000
                [0x00000003]                __FUSE_REGION_LENGTH__ = DEFINED (__FUSE_REGION_LENGTH__)?__FUSE_REGION_LENGTH__:0x400
                0x00000400                __LOCK_REGION_LENGTH__ = DEFINED (__LOCK_REGION_LENGTH__)?__LOCK_REGION_LENGTH__:0x400
                0x00000400                __SIGNATURE_REGION_LENGTH__ = DEFINED (__SIGNATURE_REGION_LENGTH__)?__SIGNATURE_REGION_LENGTH__:0x400
                0x00000400                __USER_SIGNATURE_REGION_LENGTH__ = DEFINED (__USER_SIGNATURE_REGION_LENGTH__)?__USER_SIGNATURE_REGION_LENGTH__:0x400

.hash
 *(.hash)

.dynsym
 *(.dynsym)

.dynstr
 *(.dynstr)

.gnu.version
 *(.gnu.version)

.gnu.version_d
 *(.gnu.version_d)

.gnu.version_r
 *(.gnu.version_r)

.rel.init
 *(.rel.init)

.rela.init
 *(.rela.init)

.rel.text
 *(.rel.text)
 *(.rel.text.*)
 *(.rel.gnu.linkonce.t*)

.rela.text
 *(.rela.text)
 *(.rela.text.*)
 *(.rela.gnu.linkonce.t*)

.rel.fini
 *(.rel.fini)

.rela.fini
 *(.rela.fini)

.rel.rodata
 *(.rel.rodata)
 *(.rel.rodata.*)
 *(.rel.gnu.linkonce.r*)

.rela.rodata
 *(.rela.rodata)
 *(.rela.rodata.*)
 *(.rela.gnu.linkonce.r*)

.rel.data
 *(.rel.data)
 *(.rel.data.*)
 *(.rel.gnu.linkonce.d*)

.rela.data
 *(.rela.data)
 *(.rela.data.*)
 *(.rela.gnu.linkonce.d*)

.rel.ctors
 *(.rel.ctors)

.rela.ctors
 *(.rela.ctors)

.rel.dtors
 *(.rel.dtors)

.rela.dtors
 *(.rela.dtors)

.rel.got
 *(.rel.got)

.rela.got
 *(.rela.got)

.rel.bss
 *(.rel.bss)

.rela.bss
 *(.rela.bss)

.rel.plt
 *(.rel.plt)

.rela.plt
 *(.rela.plt)

.text           0x00000000     0x21fc
 *(.vectors)
 .vectors       0x00000000       0x70 c:/program files (x86)/atmel/studio/7.0/toolchain/avr8/avr8-gnu-toolchain/bin/../lib/gcc/avr/5.4.0/../../../../avr/lib/avr5/crtatmega162.o
                0x00000000                __vector_default
                0x00000000                __vectors
 *(.vectors)
 *(.progmem.gcc*)
 .progmem.gcc_sw_table.Game_Machine
                0x00000070       0x10 sources/game.o
 .progmem.gcc_sw_table.Menu_Functionality
                0x00000080       0x14 sources/usercontrol.o
                0x00000094                . = ALIGN (0x2)
                0x00000094                __trampolines_start = .
 *(.trampolines)
 .trampolines   0x00000094        0x0 linker stubs
 *(.trampolines*)
                0x00000094                __trampolines_end = .
 *libprintf_flt.a:*(.progmem.data)
 *libc.a:*(.progmem.data)
 *(.progmem*)
 .progmem.data.lunde
                0x00000094      0x400 sources/asciitable.o
                0x00000094                lunde
 .progmem.data.font8
                0x00000494      0x2f8 sources/asciitable.o
                0x00000494                font8
                0x0000078c                . = ALIGN (0x2)
 *(.jumptables)
 *(.jumptables*)
 *(.lowtext)
 *(.lowtext*)
                0x0000078c                __ctors_start = .
 *(.ctors)
                0x0000078c                __ctors_end = .
                0x0000078c                __dtors_start = .
 *(.dtors)
                0x0000078c                __dtors_end = .
 SORT(*)(.ctors)
 SORT(*)(.dtors)
 *(.init0)
 .init0         0x0000078c        0x0 c:/program files (x86)/atmel/studio/7.0/toolchain/avr8/avr8-gnu-toolchain/bin/../lib/gcc/avr/5.4.0/../../../../avr/lib/avr5/crtatmega162.o
                0x0000078c                __init
 *(.init0)
 *(.init1)
 *(.init1)
 *(.init2)
 .init2         0x0000078c        0xc c:/program files (x86)/atmel/studio/7.0/toolchain/avr8/avr8-gnu-toolchain/bin/../lib/gcc/avr/5.4.0/../../../../avr/lib/avr5/crtatmega162.o
 *(.init2)
 *(.init3)
 *(.init3)
 *(.init4)
 .init4         0x00000798       0x16 c:/program files (x86)/atmel/studio/7.0/toolchain/avr8/avr8-gnu-toolchain/bin/../lib/gcc/avr/5.4.0/avr5\libgcc.a(_copy_data.o)
                0x00000798                __do_copy_data
 .init4         0x000007ae       0x10 c:/program files (x86)/atmel/studio/7.0/toolchain/avr8/avr8-gnu-toolchain/bin/../lib/gcc/avr/5.4.0/avr5\libgcc.a(_clear_bss.o)
                0x000007ae                __do_clear_bss
 *(.init4)
 *(.init5)
 *(.init5)
 *(.init6)
 *(.init6)
 *(.init7)
 *(.init7)
 *(.init8)
 *(.init8)
 *(.init9)
 .init9         0x000007be        0x8 c:/program files (x86)/atmel/studio/7.0/toolchain/avr8/avr8-gnu-toolchain/bin/../lib/gcc/avr/5.4.0/../../../../avr/lib/avr5/crtatmega162.o
 *(.init9)
 *(.text)
 .text          0x000007c6        0x4 c:/program files (x86)/atmel/studio/7.0/toolchain/avr8/avr8-gnu-toolchain/bin/../lib/gcc/avr/5.4.0/../../../../avr/lib/avr5/crtatmega162.o
                0x000007c6                __vector_22
                0x000007c6                __vector_24
                0x000007c6                __vector_12
                0x000007c6                __bad_interrupt
                0x000007c6                __vector_6
                0x000007c6                __vector_3
                0x000007c6                __vector_23
                0x000007c6                __vector_25
                0x000007c6                __vector_11
                0x000007c6                __vector_13
                0x000007c6                __vector_19
                0x000007c6                __vector_27
                0x000007c6                __vector_5
                0x000007c6                __vector_4
                0x000007c6                __vector_9
                0x000007c6                __vector_2
                0x000007c6                __vector_21
                0x000007c6                __vector_15
                0x000007c6                __vector_8
                0x000007c6                __vector_26
                0x000007c6                __vector_14
                0x000007c6                __vector_10
                0x000007c6                __vector_16
                0x000007c6                __vector_18
                0x000007c6                __vector_20
                0x000007ca                . = ALIGN (0x2)
 *(.text.*)
 .text.can_check_message
                0x000007ca       0x5a main.o
                0x000007ca                can_check_message
 .text.main     0x00000824       0x6c main.o
                0x00000824                main
 .text.__vector_17
                0x00000890       0x54 main.o
                0x00000890                __vector_17
 .text.__vector_7
                0x000008e4       0x14 main.o
                0x000008e4                __vector_7
 .text.Adc_Init
                0x000008f8        0x4 sources/adc.o
                0x000008f8                Adc_Init
 .text.Adc_Read
                0x000008fc       0x18 sources/adc.o
                0x000008fc                Adc_Read
 .text.Lunde_Byte
                0x00000914        0xa sources/asciitable.o
                0x00000914                Lunde_Byte
 .text.Ascii_to_Bitmap_Font8
                0x0000091e       0x2a sources/asciitable.o
                0x0000091e                Ascii_to_Bitmap_Font8
 .text.Can_Init
                0x00000948       0x3a sources/can.o
                0x00000948                Can_Init
 .text.Can_Send_Msg
                0x00000982       0x82 sources/can.o
                0x00000982                Can_Send_Msg
 .text.Can_Recieve_Msg
                0x00000a04       0x88 sources/can.o
                0x00000a04                Can_Recieve_Msg
 .text.Ext_Mem_Init
                0x00000a8c        0xe sources/ext_mem.o
                0x00000a8c                Ext_Mem_Init
 .text.Game_Machine
                0x00000a9a      0x27a sources/game.o
                0x00000a9a                Game_Machine
 .text.Set_Gamestate
                0x00000d14        0x6 sources/game.o
                0x00000d14                Set_Gamestate
 .text.Get_Game_State
                0x00000d1a        0x6 sources/game.o
                0x00000d1a                Get_Game_State
 .text.Get_Highscore
                0x00000d20       0x14 sources/game.o
                0x00000d20                Get_Highscore
 .text.Mcp_Read
                0x00000d34       0x24 sources/MCP2515.o
                0x00000d34                Mcp_Read
 .text.Mcp_Write
                0x00000d58       0x28 sources/MCP2515.o
                0x00000d58                Mcp_Write
 .text.Mcp_Reset
                0x00000d80       0x10 sources/MCP2515.o
                0x00000d80                Mcp_Reset
 .text.Mcp_Modify_Bit
                0x00000d90       0x34 sources/MCP2515.o
                0x00000d90                Mcp_Modify_Bit
 .text.Mcp_Request_to_Send
                0x00000dc4       0x24 sources/MCP2515.o
                0x00000dc4                Mcp_Request_to_Send
 .text.__vector_1
                0x00000de8       0x14 sources/MCP2515.o
                0x00000de8                __vector_1
 .text.Oled_Data_Write
                0x00000dfc       0x1a sources/oled.o
                0x00000dfc                Oled_Data_Write
 .text.Oled_Clear_Line
                0x00000e16       0x24 sources/oled.o
                0x00000e16                Oled_Clear_Line
 .text.Oled_Reset
                0x00000e3a       0x18 sources/oled.o
                0x00000e3a                Oled_Reset
 .text.Oled_Print_Char
                0x00000e52       0xa4 sources/oled.o
                0x00000e52                Oled_Print_Char
 .text.Print_Lunde
                0x00000ef6       0x46 sources/oled.o
                0x00000ef6                Print_Lunde
 .text.Oled_Init
                0x00000f3c       0x5e sources/oled.o
                0x00000f3c                Oled_Init
 .text.Oled_Print
                0x00000f9a       0x3c sources/oled.o
                0x00000f9a                Oled_Print
 .text.Oled_Update
                0x00000fd6       0x2e sources/oled.o
                0x00000fd6                Oled_Update
 .text.Spi_Init
                0x00001004       0x10 sources/spi.o
                0x00001004                Spi_Init
 .text.Spi_Write
                0x00001014        0x8 sources/spi.o
                0x00001014                Spi_Write
 .text.Spi_Read
                0x0000101c        0xc sources/spi.o
                0x0000101c                Spi_Read
 .text.Slave_Enable
                0x00001028        0x4 sources/spi.o
                0x00001028                Slave_Enable
 .text.Slave_Deselect
                0x0000102c        0x4 sources/spi.o
                0x0000102c                Slave_Deselect
 .text.Timer_Init
                0x00001030       0x4a sources/timer.o
                0x00001030                Timer_Init
 .text.Timer_3_on
                0x0000107a       0x12 sources/timer.o
                0x0000107a                Timer_3_on
 .text.Timer_3_off
                0x0000108c        0xc sources/timer.o
                0x0000108c                Timer_3_off
 .text.USART_Transmit
                0x00001098        0xc sources/usart.o
                0x00001098                USART_Transmit
 .text.USART_Receive
                0x000010a4        0xa sources/usart.o
                0x000010a4                USART_Receive
 .text.USART_Init
                0x000010ae       0x26 sources/usart.o
                0x000010ae                USART_Init
 .text.Menu_Line_Change
                0x000010d4       0x20 sources/usercontrol.o
                0x000010d4                Menu_Line_Change
 .text.Update_Menu_Parent
                0x000010f4       0xaa sources/usercontrol.o
                0x000010f4                Update_Menu_Parent
 .text.Update_Menu
                0x0000119e        0xa sources/usercontrol.o
                0x0000119e                Update_Menu
 .text.Oled_Menu_Setup
                0x000011a8       0x1e sources/usercontrol.o
                0x000011a8                Oled_Menu_Setup
 .text.Change_Child
                0x000011c6       0x62 sources/usercontrol.o
                0x000011c6                Change_Child
 .text.User_Control_Init
                0x00001228       0x16 sources/usercontrol.o
                0x00001228                User_Control_Init
 .text.Joycon_Get
                0x0000123e       0xba sources/usercontrol.o
                0x0000123e                Joycon_Get
 .text.Joycon_Get_Direction
                0x000012f8       0x28 sources/usercontrol.o
                0x000012f8                Joycon_Get_Direction
 .text.Slider_Get_Postion
                0x00001320       0x18 sources/usercontrol.o
                0x00001320                Slider_Get_Postion
 .text.Slider_Send_Pos
                0x00001338       0x4a sources/usercontrol.o
                0x00001338                Slider_Send_Pos
 .text.alphabet_navigation
                0x00001382       0x9a sources/usercontrol.o
                0x00001382                alphabet_navigation
 .text.print_alphabet
                0x0000141c       0x66 sources/usercontrol.o
                0x0000141c                print_alphabet
 .text.select_letter_func
                0x00001482       0x2c sources/usercontrol.o
                0x00001482                select_letter_func
 .text.create_name
                0x000014ae       0x38 sources/usercontrol.o
                0x000014ae                create_name
 .text.Menu_Navigation
                0x000014e6       0xbe sources/usercontrol.o
                0x000014e6                Menu_Navigation
 .text.Menu_Functionality
                0x000015a4      0x1a6 sources/usercontrol.o
                0x000015a4                Menu_Functionality
 .text.Node_One_Init
                0x0000174a      0x11e sources/usercontrol.o
                0x0000174a                Node_One_Init
 .text.Move_To_Parent
                0x00001868       0x16 sources/usercontrol.o
                0x00001868                Move_To_Parent
 .text.libgcc.div
                0x0000187e       0x28 c:/program files (x86)/atmel/studio/7.0/toolchain/avr8/avr8-gnu-toolchain/bin/../lib/gcc/avr/5.4.0/avr5\libgcc.a(_divmodhi4.o)
                0x0000187e                _div
                0x0000187e                __divmodhi4
 .text.libgcc   0x000018a6        0xc c:/program files (x86)/atmel/studio/7.0/toolchain/avr8/avr8-gnu-toolchain/bin/../lib/gcc/avr/5.4.0/avr5\libgcc.a(_tablejump2.o)
                0x000018a6                __tablejump2__
 .text.libgcc.div
                0x000018b2       0x28 c:/program files (x86)/atmel/studio/7.0/toolchain/avr8/avr8-gnu-toolchain/bin/../lib/gcc/avr/5.4.0/avr5\libgcc.a(_udivmodhi4.o)
                0x000018b2                __udivmodhi4
 .text.avr-libc
                0x000018da       0x96 c:/program files (x86)/atmel/studio/7.0/toolchain/avr8/avr8-gnu-toolchain/bin/../lib/gcc/avr/5.4.0/../../../../avr/lib/avr5\libc.a(fdevopen.o)
                0x000018da                fdevopen
 .text.avr-libc
                0x00001970       0x2c c:/program files (x86)/atmel/studio/7.0/toolchain/avr8/avr8-gnu-toolchain/bin/../lib/gcc/avr/5.4.0/../../../../avr/lib/avr5\libc.a(printf.o)
                0x00001970                printf
 .text.avr-libc
                0x0000199c       0x44 c:/program files (x86)/atmel/studio/7.0/toolchain/avr8/avr8-gnu-toolchain/bin/../lib/gcc/avr/5.4.0/../../../../avr/lib/avr5\libc.a(sprintf.o)
                0x0000199c                sprintf
 .text.avr-libc
                0x000019e0      0x3c2 c:/program files (x86)/atmel/studio/7.0/toolchain/avr8/avr8-gnu-toolchain/bin/../lib/gcc/avr/5.4.0/../../../../avr/lib/avr5\libc.a(vfprintf_std.o)
                0x000019e0                vfprintf
 .text.avr-libc
                0x00001da2       0x38 c:/program files (x86)/atmel/studio/7.0/toolchain/avr8/avr8-gnu-toolchain/bin/../lib/gcc/avr/5.4.0/../../../../avr/lib/avr5\libc.a(calloc.o)
                0x00001da2                calloc
 .text.avr-libc
                0x00001dda      0x242 c:/program files (x86)/atmel/studio/7.0/toolchain/avr8/avr8-gnu-toolchain/bin/../lib/gcc/avr/5.4.0/../../../../avr/lib/avr5\libc.a(malloc.o)
                0x00001dda                malloc
                0x00001f0a                free
 .text.avr-libc
                0x0000201c       0x16 c:/program files (x86)/atmel/studio/7.0/toolchain/avr8/avr8-gnu-toolchain/bin/../lib/gcc/avr/5.4.0/../../../../avr/lib/avr5\libc.a(strnlen_P.o)
                0x0000201c                strnlen_P
 .text.avr-libc
                0x00002032        0xe c:/program files (x86)/atmel/studio/7.0/toolchain/avr8/avr8-gnu-toolchain/bin/../lib/gcc/avr/5.4.0/../../../../avr/lib/avr5\libc.a(memset.o)
                0x00002032                memset
 .text.avr-libc
                0x00002040       0x16 c:/program files (x86)/atmel/studio/7.0/toolchain/avr8/avr8-gnu-toolchain/bin/../lib/gcc/avr/5.4.0/../../../../avr/lib/avr5\libc.a(strnlen.o)
                0x00002040                strnlen
 .text.avr-libc
                0x00002056       0x78 c:/program files (x86)/atmel/studio/7.0/toolchain/avr8/avr8-gnu-toolchain/bin/../lib/gcc/avr/5.4.0/../../../../avr/lib/avr5\libc.a(fputc.o)
                0x00002056                fputc
 .text.avr-libc
                0x000020ce       0xbc c:/program files (x86)/atmel/studio/7.0/toolchain/avr8/avr8-gnu-toolchain/bin/../lib/gcc/avr/5.4.0/../../../../avr/lib/avr5\libc.a(ultoa_invert.o)
                0x000020ce                __ultoa_invert
 .text.libgcc.prologue
                0x0000218a       0x38 c:/program files (x86)/atmel/studio/7.0/toolchain/avr8/avr8-gnu-toolchain/bin/../lib/gcc/avr/5.4.0/avr5\libgcc.a(_prologue.o)
                0x0000218a                __prologue_saves__
 .text.libgcc.prologue
                0x000021c2       0x36 c:/program files (x86)/atmel/studio/7.0/toolchain/avr8/avr8-gnu-toolchain/bin/../lib/gcc/avr/5.4.0/avr5\libgcc.a(_epilogue.o)
                0x000021c2                __epilogue_restores__
                0x000021f8                . = ALIGN (0x2)
 *(.fini9)
 .fini9         0x000021f8        0x0 c:/program files (x86)/atmel/studio/7.0/toolchain/avr8/avr8-gnu-toolchain/bin/../lib/gcc/avr/5.4.0/avr5\libgcc.a(_exit.o)
                0x000021f8                _exit
                0x000021f8                exit
 *(.fini9)
 *(.fini8)
 *(.fini8)
 *(.fini7)
 *(.fini7)
 *(.fini6)
 *(.fini6)
 *(.fini5)
 *(.fini5)
 *(.fini4)
 *(.fini4)
 *(.fini3)
 *(.fini3)
 *(.fini2)
 *(.fini2)
 *(.fini1)
 *(.fini1)
 *(.fini0)
 .fini0         0x000021f8        0x4 c:/program files (x86)/atmel/studio/7.0/toolchain/avr8/avr8-gnu-toolchain/bin/../lib/gcc/avr/5.4.0/avr5\libgcc.a(_exit.o)
 *(.fini0)
                0x000021fc                _etext = .

.data           0x00800100      0x276 load address 0x000021fc
                0x00800100                PROVIDE (__data_start, .)
 *(.data)
 .data          0x00800100        0x6 c:/program files (x86)/atmel/studio/7.0/toolchain/avr8/avr8-gnu-toolchain/bin/../lib/gcc/avr/5.4.0/../../../../avr/lib/avr5\libc.a(malloc.o)
                0x00800100                __malloc_heap_end
                0x00800102                __malloc_heap_start
                0x00800104                __malloc_margin
 *(.data*)
 .data.alphabet
                0x00800106        0x2 sources/usercontrol.o
                0x00800106                alphabet
 .data.recalibrate
                0x00800108       0x12 sources/usercontrol.o
                0x00800108                recalibrate
 .data.hard     0x0080011a       0x12 sources/usercontrol.o
                0x0080011a                hard
 .data.medium   0x0080012c       0x12 sources/usercontrol.o
                0x0080012c                medium
 .data.easy     0x0080013e       0x12 sources/usercontrol.o
                0x0080013e                easy
 .data.highscore
                0x00800150       0x12 sources/usercontrol.o
                0x00800150                highscore
 .data.difficulty
                0x00800162       0x12 sources/usercontrol.o
                0x00800162                difficulty
 .data.play_game
                0x00800174       0x12 sources/usercontrol.o
                0x00800174                play_game
 .data.settings
                0x00800186       0x12 sources/usercontrol.o
                0x00800186                settings
 .data.main_menu
                0x00800198       0x12 sources/usercontrol.o
                0x00800198                main_menu
 *(.gnu.linkonce.d*)
 *(.rodata)
 *(.rodata*)
 .rodata.str1.1
                0x008001aa       0x48 main.o
 .rodata.str1.1
                0x008001f2       0x42 sources/can.o
 .rodata.str1.1
                0x00800234       0x3d sources/game.o
                                 0x40 (size before relaxing)
 .rodata.str1.1
                0x00800271      0x105 sources/usercontrol.o
                                0x107 (size before relaxing)
 *(.gnu.linkonce.r*)
                0x00800376                . = ALIGN (0x2)
                0x00800376                _edata = .
                0x00800376                PROVIDE (__data_end, .)

.bss            0x00800376       0x39
                0x00800376                PROVIDE (__bss_start, .)
 *(.bss)
 *(.bss*)
 .bss.counter   0x00800376        0x1 sources/game.o
                0x00800376                counter
 .bss.score     0x00800377        0x2 sources/game.o
                0x00800377                score
 .bss.game_state
                0x00800379        0x1 sources/game.o
                0x00800379                game_state
 .bss.hold_joycon
                0x0080037a        0x1 sources/usercontrol.o
                0x0080037a                hold_joycon
 .bss.hold_joycon_alphabet
                0x0080037b        0x1 sources/usercontrol.o
                0x0080037b                hold_joycon_alphabet
 .bss.current_letter
                0x0080037c        0x1 sources/usercontrol.o
                0x0080037c                current_letter
 .bss.current_child_num
                0x0080037d        0x1 sources/usercontrol.o
                0x0080037d                current_child_num
 *(COMMON)
 COMMON         0x0080037e       0x21 sources/game.o
                0x0080037e                list_highscore
                0x00800392                start_game
                0x0080039c                name
 COMMON         0x0080039f        0x2 sources/usart.o
                0x0080039f                usart
 COMMON         0x008003a1        0x4 sources/usercontrol.o
                0x008003a1                current_menu
                0x008003a3                current_child
 COMMON         0x008003a5        0x6 c:/program files (x86)/atmel/studio/7.0/toolchain/avr8/avr8-gnu-toolchain/bin/../lib/gcc/avr/5.4.0/../../../../avr/lib/avr5\libc.a(iob.o)
                0x008003a5                __iob
 COMMON         0x008003ab        0x4 c:/program files (x86)/atmel/studio/7.0/toolchain/avr8/avr8-gnu-toolchain/bin/../lib/gcc/avr/5.4.0/../../../../avr/lib/avr5\libc.a(malloc.o)
                0x008003ab                __brkval
                0x008003ad                __flp
                0x008003af                PROVIDE (__bss_end, .)
                0x000021fc                __data_load_start = LOADADDR (.data)
                0x00002472                __data_load_end = (__data_load_start + SIZEOF (.data))

.noinit         0x008003af        0x0
                [!provide]                PROVIDE (__noinit_start, .)
 *(.noinit*)
                [!provide]                PROVIDE (__noinit_end, .)
                0x008003af                _end = .
                0x008003af                PROVIDE (__heap_start, .)

.eeprom         0x00810000        0x0
 *(.eeprom*)
                0x00810000                __eeprom_end = .

.fuse
 *(.fuse)
 *(.lfuse)
 *(.hfuse)
 *(.efuse)

.lock
 *(.lock*)

.signature
 *(.signature*)

.user_signatures
 *(.user_signatures*)

.stab
 *(.stab)

.stabstr
 *(.stabstr)

.stab.excl
 *(.stab.excl)

.stab.exclstr
 *(.stab.exclstr)

.stab.index
 *(.stab.index)

.stab.indexstr
 *(.stab.indexstr)

.comment        0x00000000       0x5c
 *(.comment)
 .comment       0x00000000       0x30 main.o
                                 0x31 (size before relaxing)
 .comment       0x00000030       0x31 sources/adc.o
 .comment       0x00000030       0x31 sources/asciitable.o
 .comment       0x00000030       0x31 sources/can.o
 .comment       0x00000030       0x31 sources/ext_mem.o
 .comment       0x00000030       0x31 sources/game.o
 .comment       0x00000030       0x31 sources/MCP2515.o
 .comment       0x00000030       0x31 sources/oled.o
 .comment       0x00000030       0x31 sources/spi.o
 .comment       0x00000030       0x31 sources/timer.o
 .comment       0x00000030       0x31 sources/usart.o
 .comment       0x00000030       0x31 sources/usercontrol.o
 .comment       0x00000030       0x31 c:/program files (x86)/atmel/studio/7.0/toolchain/avr8/avr8-gnu-toolchain/bin/../lib/gcc/avr/5.4.0/../../../../avr/lib/avr5\libc.a(fdevopen.o)
 .comment       0x00000030       0x31 c:/program files (x86)/atmel/studio/7.0/toolchain/avr8/avr8-gnu-toolchain/bin/../lib/gcc/avr/5.4.0/../../../../avr/lib/avr5\libc.a(iob.o)
 .comment       0x00000030       0x31 c:/program files (x86)/atmel/studio/7.0/toolchain/avr8/avr8-gnu-toolchain/bin/../lib/gcc/avr/5.4.0/../../../../avr/lib/avr5\libc.a(printf.o)
 .comment       0x00000030       0x31 c:/program files (x86)/atmel/studio/7.0/toolchain/avr8/avr8-gnu-toolchain/bin/../lib/gcc/avr/5.4.0/../../../../avr/lib/avr5\libc.a(sprintf.o)
 .comment       0x00000030       0x2c c:/program files (x86)/atmel/studio/7.0/toolchain/avr8/avr8-gnu-toolchain/bin/../lib/gcc/avr/5.4.0/../../../../avr/lib/avr5\libc.a(vfprintf_std.o)
                                 0x2d (size before relaxing)
 .comment       0x0000005c       0x31 c:/program files (x86)/atmel/studio/7.0/toolchain/avr8/avr8-gnu-toolchain/bin/../lib/gcc/avr/5.4.0/../../../../avr/lib/avr5\libc.a(calloc.o)
 .comment       0x0000005c       0x31 c:/program files (x86)/atmel/studio/7.0/toolchain/avr8/avr8-gnu-toolchain/bin/../lib/gcc/avr/5.4.0/../../../../avr/lib/avr5\libc.a(malloc.o)
 .comment       0x0000005c       0x31 c:/program files (x86)/atmel/studio/7.0/toolchain/avr8/avr8-gnu-toolchain/bin/../lib/gcc/avr/5.4.0/../../../../avr/lib/avr5\libc.a(fputc.o)

.note.gnu.avr.deviceinfo
                0x00000000       0x3c
 .note.gnu.avr.deviceinfo
                0x00000000       0x3c c:/program files (x86)/atmel/studio/7.0/toolchain/avr8/avr8-gnu-toolchain/bin/../lib/gcc/avr/5.4.0/../../../../avr/lib/avr5/crtatmega162.o

.note.gnu.build-id
 *(.note.gnu.build-id)

.debug
 *(.debug)

.line
 *(.line)

.debug_srcinfo
 *(.debug_srcinfo)

.debug_sfnames
 *(.debug_sfnames)

.debug_aranges  0x00000000      0x380
 *(.debug_aranges)
 .debug_aranges
                0x00000000       0x38 main.o
 .debug_aranges
                0x00000038       0x28 sources/adc.o
 .debug_aranges
                0x00000060       0x40 sources/asciitable.o
 .debug_aranges
                0x000000a0       0x30 sources/can.o
 .debug_aranges
                0x000000d0       0x20 sources/ext_mem.o
 .debug_aranges
                0x000000f0       0x40 sources/game.o
 .debug_aranges
                0x00000130       0x48 sources/MCP2515.o
 .debug_aranges
                0x00000178       0x88 sources/oled.o
 .debug_aranges
                0x00000200       0x40 sources/spi.o
 .debug_aranges
                0x00000240       0x50 sources/timer.o
 .debug_aranges
                0x00000290       0x30 sources/usart.o
 .debug_aranges
                0x000002c0       0xc0 sources/usercontrol.o

.debug_pubnames
 *(.debug_pubnames)

.debug_info     0x00000000     0x3d45
 *(.debug_info .gnu.linkonce.wi.*)
 .debug_info    0x00000000      0x5d0 c:/program files (x86)/atmel/studio/7.0/toolchain/avr8/avr8-gnu-toolchain/bin/../lib/gcc/avr/5.4.0/../../../../avr/lib/avr5/crtatmega162.o
 .debug_info    0x000005d0      0x349 main.o
 .debug_info    0x00000919       0xcf sources/adc.o
 .debug_info    0x000009e8      0x3d9 sources/asciitable.o
 .debug_info    0x00000dc1      0x36c sources/can.o
 .debug_info    0x0000112d       0x89 sources/ext_mem.o
 .debug_info    0x000011b6      0x657 sources/game.o
 .debug_info    0x0000180d      0x2f2 sources/MCP2515.o
 .debug_info    0x00001aff      0xcf0 sources/oled.o
 .debug_info    0x000027ef       0xf8 sources/spi.o
 .debug_info    0x000028e7      0x229 sources/timer.o
 .debug_info    0x00002b10      0x225 sources/usart.o
 .debug_info    0x00002d35     0x1010 sources/usercontrol.o

.debug_abbrev   0x00000000     0x15eb
 *(.debug_abbrev)
 .debug_abbrev  0x00000000      0x580 c:/program files (x86)/atmel/studio/7.0/toolchain/avr8/avr8-gnu-toolchain/bin/../lib/gcc/avr/5.4.0/../../../../avr/lib/avr5/crtatmega162.o
 .debug_abbrev  0x00000580      0x156 main.o
 .debug_abbrev  0x000006d6       0x99 sources/adc.o
 .debug_abbrev  0x0000076f      0x11f sources/asciitable.o
 .debug_abbrev  0x0000088e      0x140 sources/can.o
 .debug_abbrev  0x000009ce       0x4f sources/ext_mem.o
 .debug_abbrev  0x00000a1d      0x257 sources/game.o
 .debug_abbrev  0x00000c74       0xf5 sources/MCP2515.o
 .debug_abbrev  0x00000d69      0x1e1 sources/oled.o
 .debug_abbrev  0x00000f4a       0x94 sources/spi.o
 .debug_abbrev  0x00000fde      0x105 sources/timer.o
 .debug_abbrev  0x000010e3      0x136 sources/usart.o
 .debug_abbrev  0x00001219      0x3d2 sources/usercontrol.o

.debug_line     0x00000000     0x1aea
 *(.debug_line .debug_line.* .debug_line_end)
 .debug_line    0x00000000       0x1a c:/program files (x86)/atmel/studio/7.0/toolchain/avr8/avr8-gnu-toolchain/bin/../lib/gcc/avr/5.4.0/../../../../avr/lib/avr5/crtatmega162.o
 .debug_line    0x0000001a      0x1ef main.o
 .debug_line    0x00000209       0xdc sources/adc.o
 .debug_line    0x000002e5      0x160 sources/asciitable.o
 .debug_line    0x00000445      0x1b5 sources/can.o
 .debug_line    0x000005fa       0xae sources/ext_mem.o
 .debug_line    0x000006a8      0x36d sources/game.o
 .debug_line    0x00000a15      0x1b2 sources/MCP2515.o
 .debug_line    0x00000bc7      0x315 sources/oled.o
 .debug_line    0x00000edc      0x130 sources/spi.o
 .debug_line    0x0000100c      0x22a sources/timer.o
 .debug_line    0x00001236      0x11d sources/usart.o
 .debug_line    0x00001353      0x797 sources/usercontrol.o

.debug_frame    0x00000000      0x83c
 *(.debug_frame)
 .debug_frame   0x00000000       0xd8 main.o
 .debug_frame   0x000000d8       0x34 sources/adc.o
 .debug_frame   0x0000010c       0x64 sources/asciitable.o
 .debug_frame   0x00000170       0x84 sources/can.o
 .debug_frame   0x000001f4       0x24 sources/ext_mem.o
 .debug_frame   0x00000218       0x94 sources/game.o
 .debug_frame   0x000002ac       0xac sources/MCP2515.o
 .debug_frame   0x00000358      0x18c sources/oled.o
 .debug_frame   0x000004e4       0x64 sources/spi.o
 .debug_frame   0x00000548       0x9c sources/timer.o
 .debug_frame   0x000005e4       0x44 sources/usart.o
 .debug_frame   0x00000628      0x214 sources/usercontrol.o

.debug_str      0x00000000      0xcf7
 *(.debug_str)
 .debug_str     0x00000000      0x1f6 c:/program files (x86)/atmel/studio/7.0/toolchain/avr8/avr8-gnu-toolchain/bin/../lib/gcc/avr/5.4.0/../../../../avr/lib/avr5/crtatmega162.o
 .debug_str     0x000001f6      0x2a1 main.o
                                0x2f8 (size before relaxing)
 .debug_str     0x00000497       0x33 sources/adc.o
                                0x191 (size before relaxing)
 .debug_str     0x000004ca       0xd8 sources/asciitable.o
                                0x249 (size before relaxing)
 .debug_str     0x000005a2       0x74 sources/can.o
                                0x212 (size before relaxing)
 .debug_str     0x00000616       0x22 sources/ext_mem.o
                                0x180 (size before relaxing)
 .debug_str     0x00000638      0x166 sources/game.o
                                0x3b3 (size before relaxing)
 .debug_str     0x0000079e       0x60 sources/MCP2515.o
                                0x20a (size before relaxing)
 .debug_str     0x000007fe      0x135 sources/oled.o
                                0x306 (size before relaxing)
 .debug_str     0x00000933       0x11 sources/spi.o
                                0x1ac (size before relaxing)
 .debug_str     0x00000944       0x52 sources/timer.o
                                0x221 (size before relaxing)
 .debug_str     0x00000996       0x67 sources/usart.o
                                0x1d5 (size before relaxing)
 .debug_str     0x000009fd      0x2fa sources/usercontrol.o
                                0x6ca (size before relaxing)

.debug_loc      0x00000000     0x1ed5
 *(.debug_loc)
 .debug_loc     0x00000000      0x1d8 main.o
 .debug_loc     0x000001d8       0x3a sources/adc.o
 .debug_loc     0x00000212      0x319 sources/asciitable.o
 .debug_loc     0x0000052b      0x1d5 sources/can.o
 .debug_loc     0x00000700      0x2ee sources/game.o
 .debug_loc     0x000009ee      0x23b sources/MCP2515.o
 .debug_loc     0x00000c29      0x818 sources/oled.o
 .debug_loc     0x00001441      0x196 sources/timer.o
 .debug_loc     0x000015d7       0x6b sources/usart.o
 .debug_loc     0x00001642      0x893 sources/usercontrol.o

.debug_macinfo
 *(.debug_macinfo)

.debug_weaknames
 *(.debug_weaknames)

.debug_funcnames
 *(.debug_funcnames)

.debug_typenames
 *(.debug_typenames)

.debug_varnames
 *(.debug_varnames)

.debug_pubtypes
 *(.debug_pubtypes)

.debug_ranges   0x00000000      0x2f0
 *(.debug_ranges)
 .debug_ranges  0x00000000       0x28 main.o
 .debug_ranges  0x00000028       0x18 sources/adc.o
 .debug_ranges  0x00000040       0x30 sources/asciitable.o
 .debug_ranges  0x00000070       0x20 sources/can.o
 .debug_ranges  0x00000090       0x10 sources/ext_mem.o
 .debug_ranges  0x000000a0       0x30 sources/game.o
 .debug_ranges  0x000000d0       0x38 sources/MCP2515.o
 .debug_ranges  0x00000108       0x78 sources/oled.o
 .debug_ranges  0x00000180       0x30 sources/spi.o
 .debug_ranges  0x000001b0       0x40 sources/timer.o
 .debug_ranges  0x000001f0       0x20 sources/usart.o
 .debug_ranges  0x00000210       0xe0 sources/usercontrol.o

.debug_macro
 *(.debug_macro)
OUTPUT(byggern_node_1.elf elf32-avr)
LOAD linker stubs
